Archive member included to satisfy reference by file (symbol)

c:/program files (x86)/atmel/studio/7.0/toolchain/avr8/avr8-gnu-toolchain/bin/../lib/gcc/avr/4.9.2/../../../../avr/lib/avr5\libm.a(addsf3.o)
                              least_square.o (__subsf3)
c:/program files (x86)/atmel/studio/7.0/toolchain/avr8/avr8-gnu-toolchain/bin/../lib/gcc/avr/4.9.2/../../../../avr/lib/avr5\libm.a(addsf3x.o)
                              c:/program files (x86)/atmel/studio/7.0/toolchain/avr8/avr8-gnu-toolchain/bin/../lib/gcc/avr/4.9.2/../../../../avr/lib/avr5\libm.a(addsf3.o) (__addsf3x)
c:/program files (x86)/atmel/studio/7.0/toolchain/avr8/avr8-gnu-toolchain/bin/../lib/gcc/avr/4.9.2/../../../../avr/lib/avr5\libm.a(asin.o)
                              indicator.o (asin)
c:/program files (x86)/atmel/studio/7.0/toolchain/avr8/avr8-gnu-toolchain/bin/../lib/gcc/avr/4.9.2/../../../../avr/lib/avr5\libm.a(cmpsf2.o)
                              least_square.o (__ltsf2)
c:/program files (x86)/atmel/studio/7.0/toolchain/avr8/avr8-gnu-toolchain/bin/../lib/gcc/avr/4.9.2/../../../../avr/lib/avr5\libm.a(divsf3.o)
                              least_square.o (__divsf3)
c:/program files (x86)/atmel/studio/7.0/toolchain/avr8/avr8-gnu-toolchain/bin/../lib/gcc/avr/4.9.2/../../../../avr/lib/avr5\libm.a(divsf3x.o)
                              c:/program files (x86)/atmel/studio/7.0/toolchain/avr8/avr8-gnu-toolchain/bin/../lib/gcc/avr/4.9.2/../../../../avr/lib/avr5\libm.a(divsf3.o) (__divsf3x)
c:/program files (x86)/atmel/studio/7.0/toolchain/avr8/avr8-gnu-toolchain/bin/../lib/gcc/avr/4.9.2/../../../../avr/lib/avr5\libm.a(fixsfsi.o)
                              mystdlib.o (__fixsfsi)
c:/program files (x86)/atmel/studio/7.0/toolchain/avr8/avr8-gnu-toolchain/bin/../lib/gcc/avr/4.9.2/../../../../avr/lib/avr5\libm.a(fixunssfsi.o)
                              passive_buzer.o (__fixunssfsi)
c:/program files (x86)/atmel/studio/7.0/toolchain/avr8/avr8-gnu-toolchain/bin/../lib/gcc/avr/4.9.2/../../../../avr/lib/avr5\libm.a(floatsisf.o)
                              mystdlib.o (__floatsisf)
c:/program files (x86)/atmel/studio/7.0/toolchain/avr8/avr8-gnu-toolchain/bin/../lib/gcc/avr/4.9.2/../../../../avr/lib/avr5\libm.a(fp_arccos.o)
                              c:/program files (x86)/atmel/studio/7.0/toolchain/avr8/avr8-gnu-toolchain/bin/../lib/gcc/avr/4.9.2/../../../../avr/lib/avr5\libm.a(asin.o) (__fp_arccos)
c:/program files (x86)/atmel/studio/7.0/toolchain/avr8/avr8-gnu-toolchain/bin/../lib/gcc/avr/4.9.2/../../../../avr/lib/avr5\libm.a(fp_cmp.o)
                              c:/program files (x86)/atmel/studio/7.0/toolchain/avr8/avr8-gnu-toolchain/bin/../lib/gcc/avr/4.9.2/../../../../avr/lib/avr5\libm.a(cmpsf2.o) (__fp_cmp)
c:/program files (x86)/atmel/studio/7.0/toolchain/avr8/avr8-gnu-toolchain/bin/../lib/gcc/avr/4.9.2/../../../../avr/lib/avr5\libm.a(fp_inf.o)
                              c:/program files (x86)/atmel/studio/7.0/toolchain/avr8/avr8-gnu-toolchain/bin/../lib/gcc/avr/4.9.2/../../../../avr/lib/avr5\libm.a(addsf3x.o) (__fp_inf)
c:/program files (x86)/atmel/studio/7.0/toolchain/avr8/avr8-gnu-toolchain/bin/../lib/gcc/avr/4.9.2/../../../../avr/lib/avr5\libm.a(fp_nan.o)
                              c:/program files (x86)/atmel/studio/7.0/toolchain/avr8/avr8-gnu-toolchain/bin/../lib/gcc/avr/4.9.2/../../../../avr/lib/avr5\libm.a(addsf3x.o) (__fp_nan)
c:/program files (x86)/atmel/studio/7.0/toolchain/avr8/avr8-gnu-toolchain/bin/../lib/gcc/avr/4.9.2/../../../../avr/lib/avr5\libm.a(fp_powser.o)
                              c:/program files (x86)/atmel/studio/7.0/toolchain/avr8/avr8-gnu-toolchain/bin/../lib/gcc/avr/4.9.2/../../../../avr/lib/avr5\libm.a(fp_arccos.o) (__fp_powser)
c:/program files (x86)/atmel/studio/7.0/toolchain/avr8/avr8-gnu-toolchain/bin/../lib/gcc/avr/4.9.2/../../../../avr/lib/avr5\libm.a(fp_powsodd.o)
                              c:/program files (x86)/atmel/studio/7.0/toolchain/avr8/avr8-gnu-toolchain/bin/../lib/gcc/avr/4.9.2/../../../../avr/lib/avr5\libm.a(asin.o) (__fp_powsodd)
c:/program files (x86)/atmel/studio/7.0/toolchain/avr8/avr8-gnu-toolchain/bin/../lib/gcc/avr/4.9.2/../../../../avr/lib/avr5\libm.a(fp_pscA.o)
                              c:/program files (x86)/atmel/studio/7.0/toolchain/avr8/avr8-gnu-toolchain/bin/../lib/gcc/avr/4.9.2/../../../../avr/lib/avr5\libm.a(addsf3x.o) (__fp_pscA)
c:/program files (x86)/atmel/studio/7.0/toolchain/avr8/avr8-gnu-toolchain/bin/../lib/gcc/avr/4.9.2/../../../../avr/lib/avr5\libm.a(fp_pscB.o)
                              c:/program files (x86)/atmel/studio/7.0/toolchain/avr8/avr8-gnu-toolchain/bin/../lib/gcc/avr/4.9.2/../../../../avr/lib/avr5\libm.a(addsf3x.o) (__fp_pscB)
c:/program files (x86)/atmel/studio/7.0/toolchain/avr8/avr8-gnu-toolchain/bin/../lib/gcc/avr/4.9.2/../../../../avr/lib/avr5\libm.a(fp_round.o)
[...]
Memory Configuration

Name             Origin             Length             Attributes
text             0x00000000         0x00020000         xr
data             0x00800060         0x0000ffa0         rw !x
eeprom           0x00810000         0x00010000         rw !x
fuse             0x00820000         0x00000003         rw !x
lock             0x00830000         0x00000400         rw !x
signature        0x00840000         0x00000400         rw !x
user_signatures  0x00850000         0x00000400         rw !x
*default*        0x00000000         0xffffffff

Linker script and memory map

Address of section .data set to 0x800100
LOAD C:/Program Files (x86)/Atmel/Studio/7.0/Packs/atmel/ATmega_DFP/1.1.130/gcc/dev/atmega328p/avr5/crtatmega328p.o
LOAD ads1231.o
LOAD least_square.o
LOAD main.o
LOAD myeeprom.o
LOAD mystdlib.o
LOAD mystring.o
LOAD nx4832t035.o
LOAD indicator.o
LOAD passive_buzer.o
LOAD serial.o
LOAD software_uart.o
LOAD ssr.o
START GROUP
LOAD c:/program files (x86)/atmel/studio/7.0/toolchain/avr8/avr8-gnu-toolchain/bin/../lib/gcc/avr/4.9.2/../../../../avr/lib/avr5\libm.a
END GROUP
START GROUP
LOAD c:/program files (x86)/atmel/studio/7.0/toolchain/avr8/avr8-gnu-toolchain/bin/../lib/gcc/avr/4.9.2/avr5\libgcc.a
LOAD c:/program files (x86)/atmel/studio/7.0/toolchain/avr8/avr8-gnu-toolchain/bin/../lib/gcc/avr/4.9.2/../../../../avr/lib/avr5\libm.a
LOAD c:/program files (x86)/atmel/studio/7.0/toolchain/avr8/avr8-gnu-toolchain/bin/../lib/gcc/avr/4.9.2/../../../../avr/lib/avr5\libc.a
LOAD C:/Program Files (x86)/Atmel/Studio/7.0/Packs/atmel/ATmega_DFP/1.1.130/gcc/dev/atmega328p/avr5\libatmega328p.a
END GROUP
                0x00020000                __TEXT_REGION_LENGTH__ = DEFINED (__TEXT_REGION_LENGTH__)?__TEXT_REGION_LENGTH__:0x20000
                0x0000ffa0                __DATA_REGION_LENGTH__ = DEFINED (__DATA_REGION_LENGTH__)?__DATA_REGION_LENGTH__:0xffa0
                0x00010000                __EEPROM_REGION_LENGTH__ = DEFINED (__EEPROM_REGION_LENGTH__)?__EEPROM_REGION_LENGTH__:0x10000
                [0x00000003]                __FUSE_REGION_LENGTH__ = DEFINED (__FUSE_REGION_LENGTH__)?__FUSE_REGION_LENGTH__:0x400
                0x00000400                __LOCK_REGION_LENGTH__ = DEFINED (__LOCK_REGION_LENGTH__)?__LOCK_REGION_LENGTH__:0x400
                0x00000400                __SIGNATURE_REGION_LENGTH__ = DEFINED (__SIGNATURE_REGION_LENGTH__)?__SIGNATURE_REGION_LENGTH__:0x400
                0x00000400                __USER_SIGNATURE_REGION_LENGTH__ = DEFINED (__USER_SIGNATURE_REGION_LENGTH__)?__USER_SIGNATURE_REGION_LENGTH__:0x400

.hash
 *(.hash)

.dynsym
 *(.dynsym)

.dynstr
 *(.dynstr)

.gnu.version
 *(.gnu.version)

.gnu.version_d
 *(.gnu.version_d)

.gnu.version_r
 *(.gnu.version_r)

.rel.init
 *(.rel.init)

.rela.init
 *(.rela.init)

.rel.text
 *(.rel.text)
 *(.rel.text.*)
 *(.rel.gnu.linkonce.t*)

.rela.text
 *(.rela.text)
 *(.rela.text.*)
 *(.rela.gnu.linkonce.t*)

.rel.fini
 *(.rel.fini)

.rela.fini
 *(.rela.fini)

.rel.rodata
 *(.rel.rodata)
 *(.rel.rodata.*)
 *(.rel.gnu.linkonce.r*)

.rela.rodata
 *(.rela.rodata)
 *(.rela.rodata.*)
 *(.rela.gnu.linkonce.r*)

.rel.data
 *(.rel.data)
 *(.rel.data.*)
 *(.rel.gnu.linkonce.d*)

.rela.data
 *(.rela.data)
 *(.rela.data.*)
 *(.rela.gnu.linkonce.d*)

.rel.ctors
 *(.rel.ctors)

.rela.ctors
 *(.rela.ctors)

.rel.dtors
 *(.rel.dtors)

.rela.dtors
 *(.rela.dtors)

.rel.got
 *(.rel.got)

.rela.got
 *(.rela.got)

.rel.bss
 *(.rel.bss)

.rela.bss
 *(.rela.bss)

.rel.plt
 *(.rel.plt)

.rela.plt
 *(.rela.plt)

.text           0x00000000     0x4ec0
 *(.vectors)
 .vectors       0x00000000       0x68 C:/Program Files (x86)/Atmel/Studio/7.0/Packs/atmel/ATmega_DFP/1.1.130/gcc/dev/atmega328p/avr5/crtatmega328p.o
                0x00000000                __vector_default
                0x00000000                __vectors
 *(.vectors)
 *(.progmem.gcc*)
 .progmem.gcc_fplib
                0x00000068       0x14 c:/program files (x86)/atmel/studio/7.0/toolchain/avr8/avr8-gnu-toolchain/bin/../lib/gcc/avr/4.9.2/../../../../avr/lib/avr5\libm.a(asin.o)
 .progmem.gcc_fplib
                0x0000007c       0x28 c:/program files (x86)/atmel/studio/7.0/toolchain/avr8/avr8-gnu-toolchain/bin/../lib/gcc/avr/4.9.2/../../../../avr/lib/avr5\libm.a(fp_arccos.o)
 .progmem.gcc_fplib
                0x000000a4       0x28 c:/program files (x86)/atmel/studio/7.0/toolchain/avr8/avr8-gnu-toolchain/bin/../lib/gcc/avr/4.9.2/../../../../avr/lib/avr5\libm.a(exp.o)
 .progmem.gcc_fplib
                0x000000cc       0x5a c:/program files (x86)/atmel/studio/7.0/toolchain/avr8/avr8-gnu-toolchain/bin/../lib/gcc/avr/4.9.2/../../../../avr/lib/avr5\libm.a(log.o)
                0x00000126                . = ALIGN (0x2)
                0x00000126                __trampolines_start = .
 *(.trampolines)
 .trampolines   0x00000126        0x0 linker stubs
 *(.trampolines*)
                0x00000126                __trampolines_end = .
 *libprintf_flt.a:*(.progmem.data)
 *libc.a:*(.progmem.data)
 .progmem.data  0x00000126       0x3b c:/program files (x86)/atmel/studio/7.0/toolchain/avr8/avr8-gnu-toolchain/bin/../lib/gcc/avr/4.9.2/../../../../avr/lib/avr5\libc.a(strtod.o)
 .progmem.data  0x00000161       0xfa c:/program files (x86)/atmel/studio/7.0/toolchain/avr8/avr8-gnu-toolchain/bin/../lib/gcc/avr/4.9.2/../../../../avr/lib/avr5\libc.a(ftoa_engine.o)
 *(.progmem*)
                0x0000025c                . = ALIGN (0x2)
 *fill*         0x0000025b        0x1 
 *(.jumptables)
 *(.jumptables*)
 *(.lowtext)
 *(.lowtext*)
                0x0000025c                __ctors_start = .
 *(.ctors)
                0x0000025c                __ctors_end = .
                0x0000025c                __dtors_start = .
 *(.dtors)
                0x0000025c                __dtors_end = .
 SORT(*)(.ctors)
 SORT(*)(.dtors)
 *(.init0)
 .init0         0x0000025c        0x0 C:/Program Files (x86)/Atmel/Studio/7.0/Packs/atmel/ATmega_DFP/1.1.130/gcc/dev/atmega328p/avr5/crtatmega328p.o
                0x0000025c                __init
 *(.init0)
 *(.init1)
 *(.init1)
 *(.init2)
 .init2         0x0000025c        0xc C:/Program Files (x86)/Atmel/Studio/7.0/Packs/atmel/ATmega_DFP/1.1.130/gcc/dev/atmega328p/avr5/crtatmega328p.o
 *(.init2)
 *(.init3)
 *(.init3)
 *(.init4)
 .init4         0x00000268       0x16 c:/program files (x86)/atmel/studio/7.0/toolchain/avr8/avr8-gnu-toolchain/bin/../lib/gcc/avr/4.9.2/avr5\libgcc.a(_copy_data.o)
                0x00000268                __do_copy_data
 .init4         0x0000027e       0x10 c:/program files (x86)/atmel/studio/7.0/toolchain/avr8/avr8-gnu-toolchain/bin/../lib/gcc/avr/4.9.2/avr5\libgcc.a(_clear_bss.o)
                0x0000027e                __do_clear_bss
 *(.init4)
 *(.init5)
 *(.init5)
 *(.init6)
 *(.init6)
 *(.init7)
 *(.init7)
 *(.init8)
 *(.init8)
 *(.init9)
 .init9         0x0000028e        0x8 C:/Program Files (x86)/Atmel/Studio/7.0/Packs/atmel/ATmega_DFP/1.1.130/gcc/dev/atmega328p/avr5/crtatmega328p.o
 *(.init9)
 *(.text)
 .text          0x00000296        0x4 C:/Program Files (x86)/Atmel/Studio/7.0/Packs/atmel/ATmega_DFP/1.1.130/gcc/dev/atmega328p/avr5/crtatmega328p.o
                0x00000296                __vector_22
                0x00000296                __vector_1
                0x00000296                __vector_24
                0x00000296                __vector_12
                0x00000296                __bad_interrupt
                0x00000296                __vector_6
                0x00000296                __vector_3
                0x00000296                __vector_23
                0x00000296                __vector_25
                0x00000296                __vector_11
                0x00000296                __vector_13
                0x00000296                __vector_17
                0x00000296                __vector_19
                0x00000296                __vector_7
                0x00000296                __vector_5
                0x00000296                __vector_4
                0x00000296                __vector_9
                0x00000296                __vector_2
                0x00000296                __vector_21
                0x00000296                __vector_15
                0x00000296                __vector_8
                0x00000296                __vector_10
                0x00000296                __vector_16
                0x00000296                __vector_20
                0x0000029a                . = ALIGN (0x2)
 *(.text.*)
 .text.adcInitialize
                0x0000029a       0x16 ads1231.o
                0x0000029a                adcInitialize
 .text.adcFetchData
                0x000002b0       0x5e ads1231.o
                0x000002b0                adcFetchData
 .text.QR       0x0000030e      0x75c least_square.o
                0x0000030e                QR
 .text.backrow  0x00000a6a      0x180 least_square.o
                0x00000a6a                backrow
 .text.permutation
                0x00000bea       0xd4 least_square.o
                0x00000bea                permutation
 .text.solveLeastSquare
                0x00000cbe      0x274 least_square.o
                0x00000cbe                solveLeastSquare
 .text.main     0x00000f32       0x50 main.o
                0x00000f32                main
 .text.storeCalibrationPoints
                0x00000f82       0x60 myeeprom.o
                0x00000f82                storeCalibrationPoints
 .text.storeCalibrationUnit
                0x00000fe2        0xc myeeprom.o
                0x00000fe2                storeCalibrationUnit
 .text.storeDisplayForceUnit
                0x00000fee        0xc myeeprom.o
                0x00000fee                storeDisplayForceUnit
 .text.storeDisplayUnitType
                0x00000ffa        0xc myeeprom.o
                0x00000ffa                storeDisplayUnitType
 .text.storeDisplayTensionUnit
                0x00001006        0xc myeeprom.o
                0x00001006                storeDisplayTensionUnit
 .text.storeSample
                0x00001012        0xc myeeprom.o
                0x00001012                storeSample
 .text.storeSampleValues
                0x0000101e       0x56 myeeprom.o
                0x0000101e                storeSampleValues
 .text.storeMachineCapacity
                0x00001074       0x1a myeeprom.o
                0x00001074                storeMachineCapacity
 .text.storeOverflowProtectionDetails
                0x0000108e       0x26 myeeprom.o
                0x0000108e                storeOverflowProtectionDetails
 .text.loadDisplayUnitType
                0x000010b4       0x1c myeeprom.o
                0x000010b4                loadDisplayUnitType
 .text.loadDisplayForceUnit
                0x000010d0       0x1c myeeprom.o
                0x000010d0                loadDisplayForceUnit
 .text.loadSample
                0x000010ec       0x1c myeeprom.o
                0x000010ec                loadSample
 .text.loadSampleValues
                0x00001108       0xc2 myeeprom.o
                0x00001108                loadSampleValues
 .text.loadMachineCapacity
                0x000011ca       0x42 myeeprom.o
                0x000011ca                loadMachineCapacity
 .text.loadOverflowProtectionDetails
                0x0000120c       0x4a myeeprom.o
                0x0000120c                loadOverflowProtectionDetails
 .text.loadNumCalibratedPoints
                0x00001256       0x1c myeeprom.o
                0x00001256                loadNumCalibratedPoints
 .text.loadCalibrationUnit
                0x00001272       0x1c myeeprom.o
                0x00001272                loadCalibrationUnit
 .text.loadCalibrationPoint
                0x0000128e       0x4a myeeprom.o
                0x0000128e                loadCalibrationPoint
 .text.ftoa     0x000012d8      0x192 mystdlib.o
                0x000012d8                ftoa
 .text.replace  0x0000146a       0x2e mystring.o
                0x0000146a                replace
 .text.displayShowPage
                0x00001498       0x3c nx4832t035.o
                0x00001498                displayShowPage
 .text.displayRefreshComponent
                0x000014d4       0x3c nx4832t035.o
                0x000014d4                displayRefreshComponent
 .text._displayVis
                0x00001510       0x50 nx4832t035.o
                0x00001510                _displayVis
 .text.displayHide
                0x00001560        0x8 nx4832t035.o
                0x00001560                displayHide
 .text.displayUnhide
                0x00001568        0x8 nx4832t035.o
                0x00001568                displayUnhide
 .text.displaySetText
                0x00001570       0x58 nx4832t035.o
                0x00001570                displaySetText
 .text.displaySetValue
                0x000015c8       0x4c nx4832t035.o
                0x000015c8                displaySetValue
 .text.displaySetValueUInt
                0x00001614       0x4c nx4832t035.o
                0x00001614                displaySetValueUInt
 .text.displaySetPrimaryColor
                0x00001660       0x4c nx4832t035.o
                0x00001660                displaySetPrimaryColor
 .text.displaySetPrimaryColorUint
                0x000016ac       0x4a nx4832t035.o
                0x000016ac                displaySetPrimaryColorUint
 .text.displaySetValueLong
                0x000016f6       0x4c nx4832t035.o
                0x000016f6                displaySetValueLong
 .text.displaySetPic
                0x00001742       0x4c nx4832t035.o
                0x00001742                displaySetPic
 .text.displaySetPicChar
                0x0000178e       0x3e nx4832t035.o
                0x0000178e                displaySetPicChar
 .text.__vector_14
                0x000017cc       0x4a indicator.o
                0x000017cc                __vector_14
 .text.enableGlobalInterrupt
                0x00001816        0x8 indicator.o
                0x00001816                enableGlobalInterrupt
 .text.disableGlobalInterrupt
                0x0000181e        0x8 indicator.o
                0x0000181e                disableGlobalInterrupt
 .text.initiliazeTimerTicker
                0x00001826       0x16 indicator.o
                0x00001826                initiliazeTimerTicker
 .text.startTimerTicker
                0x0000183c        0x8 indicator.o
                0x0000183c                startTimerTicker
 .text.processGoToPage
                0x00001844       0x54 indicator.o
                0x00001844                processGoToPage
 .text.clearTestSpeedCalculation
                0x00001898       0x22 indicator.o
                0x00001898                clearTestSpeedCalculation
 .text.calculateTestSpeed
                0x000018ba       0xf0 indicator.o
                0x000018ba                calculateTestSpeed
 .text.processFloatVar
                0x000019aa       0xc8 indicator.o
                0x000019aa                processFloatVar
 .text.fitStraighLine
                0x00001a72      0x170 indicator.o
                0x00001a72                fitStraighLine
 .text.deleteCalibrationPoint
                0x00001be2       0x46 indicator.o
                0x00001be2                deleteCalibrationPoint
 .text.processDeleteCalPoint
                0x00001c28       0x34 indicator.o
                0x00001c28                processDeleteCalPoint
 .text.addCalibrationPoint
                0x00001c5c       0x62 indicator.o
                0x00001c5c                addCalibrationPoint
 .text.processNewCalibrationPoint
                0x00001cbe       0xa4 indicator.o
                0x00001cbe                processNewCalibrationPoint
 .text.processSetDisplayUnit
                0x00001d62        0xa indicator.o
                0x00001d62                processSetDisplayUnit
 .text.loadStoredParameters
                0x00001d6c       0x50 indicator.o
                0x00001d6c                loadStoredParameters
 .text.publishForceRawValue
                0x00001dbc       0x68 indicator.o
                0x00001dbc                publishForceRawValue
 .text.updateNewPointDigitalValue
                0x00001e24       0x74 indicator.o
                0x00001e24                updateNewPointDigitalValue
 .text.updateNewPointPage
                0x00001e98       0xda indicator.o
                0x00001e98                updateNewPointPage
 .text.processPointLock
                0x00001f72       0x5c indicator.o
                0x00001f72                processPointLock
 .text.getAdjustedValue
                0x00001fce       0x2a indicator.o
                0x00001fce                getAdjustedValue
 .text.getForceConversionFactor
                0x00001ff8       0x7c indicator.o
                0x00001ff8                getForceConversionFactor
 .text.convertForceValue
                0x00002074       0x44 indicator.o
                0x00002074                convertForceValue
 .text.getTensionConversionFactor
                0x000020b8       0x60 indicator.o
                0x000020b8                getTensionConversionFactor
 .text.convertTensionValue
                0x00002118       0x44 indicator.o
                0x00002118                convertTensionValue
 .text.getAdjustedForceValue
                0x0000215c       0x1a indicator.o
                0x0000215c                getAdjustedForceValue
 .text.convertForceToTension
                0x00002176       0x38 indicator.o
                0x00002176                convertForceToTension
 .text.getAdjustedTensionValue
                0x000021ae       0x36 indicator.o
                0x000021ae                getAdjustedTensionValue
 .text.updateDisplayUnit
                0x000021e4       0xb6 indicator.o
                0x000021e4                updateDisplayUnit
 .text.updateDisplayUnitType
                0x0000229a       0x22 indicator.o
                0x0000229a                updateDisplayUnitType
 .text.calculateOverflowThresholdForce
                0x000022bc       0x40 indicator.o
                0x000022bc                calculateOverflowThresholdForce
 .text.checkMachineOverflow
                0x000022fc       0xae indicator.o
                0x000022fc                checkMachineOverflow
 .text.getMainDisplayValue
                0x000023aa       0x72 indicator.o
                0x000023aa                getMainDisplayValue
 .text.getDisplayUnitStr
                0x0000241c       0x44 indicator.o
                0x0000241c                getDisplayUnitStr
 .text.updatePeakForce
                0x00002460       0x60 indicator.o
                0x00002460                updatePeakForce
 .text.getPeakValue
                0x000024c0       0x72 indicator.o
                0x000024c0                getPeakValue
 .text.getTestSpeedValue
                0x00002532       0xf2 indicator.o
                0x00002532                getTestSpeedValue
 .text.updateMainNumbers
                0x00002624      0x13a indicator.o
                0x00002624                updateMainNumbers
 .text.processZeroCommand
                0x0000275e       0x4c indicator.o
                0x0000275e                processZeroCommand
 .text.updateMainPage
                0x000027aa        0xe indicator.o
                0x000027aa                updateMainPage
 .text.processChangeDisplayUnitType
                0x000027b8       0x36 indicator.o
                0x000027b8                processChangeDisplayUnitType
 .text.processChangeDisplayUnit
                0x000027ee       0xd6 indicator.o
                0x000027ee                processChangeDisplayUnit
 .text.updateCapacityPage
                0x000028c4      0x10c indicator.o
                0x000028c4                updateCapacityPage
 .text.processToggleOverflowProtection
                0x000029d0       0x32 indicator.o
                0x000029d0                processToggleOverflowProtection
 .text.processChangeOverflowProtectionMode
                0x00002a02       0x44 indicator.o
                0x00002a02                processChangeOverflowProtectionMode
 .text.processChangeOverflowProtectionPercentage
                0x00002a46       0x38 indicator.o
                0x00002a46                processChangeOverflowProtectionPercentage
 .text.afterSetCapacityValue
                0x00002a7e        0xe indicator.o
                0x00002a7e                afterSetCapacityValue
 .text.updateCalibrationPage
                0x00002a8c      0x176 indicator.o
                0x00002a8c                updateCalibrationPage
 .text.processChangeCalPoint
                0x00002c02       0x72 indicator.o
                0x00002c02                processChangeCalPoint
 .text.processChangeCalUnit
                0x00002c74       0x98 indicator.o
                0x00002c74                processChangeCalUnit
 .text.calculateSampleArea
                0x00002d0c      0x262 indicator.o
                0x00002d0c                calculateSampleArea
 .text.updateSamplePage
                0x00002f6e      0x154 indicator.o
                0x00002f6e                updateSamplePage
 .text.processChangeSample
                0x000030c2       0xc0 indicator.o
                0x000030c2                processChangeSample
 .text.processSetPage
                0x00003182      0x10a indicator.o
                0x00003182                processSetPage
 .text.afterSetSampleValue
                0x0000328c       0x56 indicator.o
                0x0000328c                afterSetSampleValue
 .text.clearFVarPointers
                0x000032e2       0x12 indicator.o
                0x000032e2                clearFVarPointers
 .text.initializeSystem
                0x000032f4       0x5c indicator.o
                0x000032f4                initializeSystem
 .text.processFloatVal
                0x00003350       0x4e indicator.o
                0x00003350                processFloatVal
 .text.processDisplayMessages
                0x0000339e      0x2e8 indicator.o
                0x0000339e                processDisplayMessages
 .text.initializeBuzzer
                0x00003686        0x4 passive_buzer.o
                0x00003686                initializeBuzzer
 .text.playLowBuzz
                0x0000368a       0x42 passive_buzer.o
                0x0000368a                playLowBuzz
 .text.playHighBuzz
                0x000036cc       0x3a passive_buzer.o
                0x000036cc                playHighBuzz
 .text.serialInitialize
                0x00003706       0x30 serial.o
                0x00003706                serialInitialize
 .text.serialPutChar
                0x00003736       0x10 serial.o
                0x00003736                serialPutChar
 .text.serialReadChar
                0x00003746       0x10 serial.o
                0x00003746                serialReadChar
 .text.__vector_18
                0x00003756       0x68 serial.o
                0x00003756                __vector_18
 .text.serialClearInputBuffer
                0x000037be       0x12 serial.o
                0x000037be                serialClearInputBuffer
 .text.serialPrint
                0x000037d0       0x1e serial.o
                0x000037d0                serialPrint
 .text.serialBufferRead
                0x000037ee       0xea serial.o
                0x000037ee                serialBufferRead
 .text.serialFind
                0x000038d8       0xa2 serial.o
                0x000038d8                serialFind
 .text.serialBufferReadUntil
                0x0000397a       0x24 serial.o
                0x0000397a                serialBufferReadUntil
 .text.initSoftwareUARTSend
                0x0000399e       0x1a software_uart.o
                0x0000399e                initSoftwareUARTSend
 .text.softwareSendBit
                0x000039b8       0x30 software_uart.o
                0x000039b8                softwareSendBit
 .text.softwareSendByte
                0x000039e8       0x28 software_uart.o
                0x000039e8                softwareSendByte
 .text.softwareSerialPrint
                0x00003a10       0x2c software_uart.o
                0x00003a10                softwareSerialPrint
 .text.softwareSerialPrintInt
                0x00003a3c       0x3a software_uart.o
                0x00003a3c                softwareSerialPrintInt
 .text.relayTurnOn
                0x00003a76        0x4 ssr.o
                0x00003a76                relayTurnOn
 .text.relayTurnOff
                0x00003a7a        0x4 ssr.o
                0x00003a7a                relayTurnOff
 .text.relayOnOff
                0x00003a7e       0x10 ssr.o
                0x00003a7e                relayOnOff
 .text.initializeRelay
                0x00003a8e        0x8 ssr.o
                0x00003a8e                initializeRelay
 .text.avr-libc.fplib
                0x00003a96        0xe c:/program files (x86)/atmel/studio/7.0/toolchain/avr8/avr8-gnu-toolchain/bin/../lib/gcc/avr/4.9.2/../../../../avr/lib/avr5\libm.a(addsf3.o)
                0x00003a96                __subsf3
                0x00003a98                __addsf3
 .text.avr-libc.fplib
                0x00003aa4       0xcc c:/program files (x86)/atmel/studio/7.0/toolchain/avr8/avr8-gnu-toolchain/bin/../lib/gcc/avr/4.9.2/../../../../avr/lib/avr5\libm.a(addsf3x.o)
                0x00003ac6                __addsf3x
 .text.avr-libc.fplib
                0x00003b70       0x36 c:/program files (x86)/atmel/studio/7.0/toolchain/avr8/avr8-gnu-toolchain/bin/../lib/gcc/avr/4.9.2/../../../../avr/lib/avr5\libm.a(asin.o)
                0x00003b70                asin
 .text.avr-libc.fplib
                0x00003ba6        0xa c:/program files (x86)/atmel/studio/7.0/toolchain/avr8/avr8-gnu-toolchain/bin/../lib/gcc/avr/4.9.2/../../../../avr/lib/avr5\libm.a(cmpsf2.o)
                0x00003ba6                __nesf2
                0x00003ba6                __eqsf2
                0x00003ba6                __cmpsf2
                0x00003ba6                __ltsf2
                0x00003ba6                __lesf2
 .text.avr-libc.fplib
                0x00003bb0        0x8 c:/program files (x86)/atmel/studio/7.0/toolchain/avr8/avr8-gnu-toolchain/bin/../lib/gcc/avr/4.9.2/../../../../avr/lib/avr5\libm.a(divsf3.o)
                0x00003bb0                __divsf3
 .text.avr-libc.fplib
                0x00003bb8       0xdc c:/program files (x86)/atmel/studio/7.0/toolchain/avr8/avr8-gnu-toolchain/bin/../lib/gcc/avr/4.9.2/../../../../avr/lib/avr5\libm.a(divsf3x.o)
                0x00003bd8                __divsf3x
                0x00003bde                __divsf3_pse
 .text.avr-libc.fplib
                0x00003c94        0xe c:/program files (x86)/atmel/studio/7.0/toolchain/avr8/avr8-gnu-toolchain/bin/../lib/gcc/avr/4.9.2/../../../../avr/lib/avr5\libm.a(fixsfsi.o)
                0x00003c94                __fixsfsi
 .text.avr-libc.fplib
                0x00003ca2       0x5e c:/program files (x86)/atmel/studio/7.0/toolchain/avr8/avr8-gnu-toolchain/bin/../lib/gcc/avr/4.9.2/../../../../avr/lib/avr5\libm.a(fixunssfsi.o)
                0x00003ca2                __fixunssfsi
 .text.avr-libc.fplib
                0x00003d00       0x7a c:/program files (x86)/atmel/studio/7.0/toolchain/avr8/avr8-gnu-toolchain/bin/../lib/gcc/avr/4.9.2/../../../../avr/lib/avr5\libm.a(floatsisf.o)
                0x00003d00                __floatunsisf
                0x00003d04                __floatsisf
 .text.avr-libc.fplib
                0x00003d7a       0x40 c:/program files (x86)/atmel/studio/7.0/toolchain/avr8/avr8-gnu-toolchain/bin/../lib/gcc/avr/4.9.2/../../../../avr/lib/avr5\libm.a(fp_arccos.o)
                0x00003d7a                __fp_arccos
 .text.avr-libc.fplib
                0x00003dba       0x48 c:/program files (x86)/atmel/studio/7.0/toolchain/avr8/avr8-gnu-toolchain/bin/../lib/gcc/avr/4.9.2/../../../../avr/lib/avr5\libm.a(fp_cmp.o)
                0x00003dba                __fp_cmp
 .text.avr-libc.fplib
                0x00003e02        0xc c:/program files (x86)/atmel/studio/7.0/toolchain/avr8/avr8-gnu-toolchain/bin/../lib/gcc/avr/4.9.2/../../../../avr/lib/avr5\libm.a(fp_inf.o)
                0x00003e02                __fp_inf
 .text.avr-libc.fplib
                0x00003e0e        0x6 c:/program files (x86)/atmel/studio/7.0/toolchain/avr8/avr8-gnu-toolchain/bin/../lib/gcc/avr/4.9.2/../../../../avr/lib/avr5\libm.a(fp_nan.o)
                0x00003e0e                __fp_nan
 .text.avr-libc.fplib
                0x00003e14       0x4e c:/program files (x86)/atmel/studio/7.0/toolchain/avr8/avr8-gnu-toolchain/bin/../lib/gcc/avr/4.9.2/../../../../avr/lib/avr5\libm.a(fp_powser.o)
                0x00003e14                __fp_powser
 .text.avr-libc.fplib
                0x00003e62       0x28 c:/program files (x86)/atmel/studio/7.0/toolchain/avr8/avr8-gnu-toolchain/bin/../lib/gcc/avr/4.9.2/../../../../avr/lib/avr5\libm.a(fp_powsodd.o)
                0x00003e62                __fp_powsodd
 .text.avr-libc.fplib
                0x00003e8a        0xe c:/program files (x86)/atmel/studio/7.0/toolchain/avr8/avr8-gnu-toolchain/bin/../lib/gcc/avr/4.9.2/../../../../avr/lib/avr5\libm.a(fp_pscA.o)
                0x00003e8a                __fp_pscA
 .text.avr-libc.fplib
                0x00003e98        0xe c:/program files (x86)/atmel/studio/7.0/toolchain/avr8/avr8-gnu-toolchain/bin/../lib/gcc/avr/4.9.2/../../../../avr/lib/avr5\libm.a(fp_pscB.o)
                0x00003e98                __fp_pscB
 .text.avr-libc.fplib
                0x00003ea6       0x22 c:/program files (x86)/atmel/studio/7.0/toolchain/avr8/avr8-gnu-toolchain/bin/../lib/gcc/avr/4.9.2/../../../../avr/lib/avr5\libm.a(fp_round.o)
                0x00003ea6                __fp_round
 .text.avr-libc.fplib
                0x00003ec8       0x44 c:/program files (x86)/atmel/studio/7.0/toolchain/avr8/avr8-gnu-toolchain/bin/../lib/gcc/avr/4.9.2/../../../../avr/lib/avr5\libm.a(fp_split3.o)
                0x00003ec8                __fp_split3
                0x00003ed8                __fp_splitA
 .text.avr-libc.fplib
                0x00003f0c        0xe c:/program files (x86)/atmel/studio/7.0/toolchain/avr8/avr8-gnu-toolchain/bin/../lib/gcc/avr/4.9.2/../../../../avr/lib/avr5\libm.a(fp_zero.o)
                0x00003f0c                __fp_zero
                0x00003f0e                __fp_szero
 .text.avr-libc.fplib
                0x00003f1a        0xa c:/program files (x86)/atmel/studio/7.0/toolchain/avr8/avr8-gnu-toolchain/bin/../lib/gcc/avr/4.9.2/../../../../avr/lib/avr5\libm.a(gesf2.o)
                0x00003f1a                __gesf2
                0x00003f1a                __gtsf2
 .text.avr-libc.fplib
                0x00003f24        0x8 c:/program files (x86)/atmel/studio/7.0/toolchain/avr8/avr8-gnu-toolchain/bin/../lib/gcc/avr/4.9.2/../../../../avr/lib/avr5\libm.a(mulsf3.o)
                0x00003f24                __mulsf3
 .text.avr-libc.fplib
                0x00003f2c       0xd2 c:/program files (x86)/atmel/studio/7.0/toolchain/avr8/avr8-gnu-toolchain/bin/../lib/gcc/avr/4.9.2/../../../../avr/lib/avr5\libm.a(mulsf3x.o)
                0x00003f4a                __mulsf3x
                0x00003f50                __mulsf3_pse
 .text.avr-libc.fplib
                0x00003ffe       0xa0 c:/program files (x86)/atmel/studio/7.0/toolchain/avr8/avr8-gnu-toolchain/bin/../lib/gcc/avr/4.9.2/../../../../avr/lib/avr5\libm.a(pow.o)
                0x00003ffe                pow
 .text.avr-libc.fplib
                0x0000409e       0x8c c:/program files (x86)/atmel/studio/7.0/toolchain/avr8/avr8-gnu-toolchain/bin/../lib/gcc/avr/4.9.2/../../../../avr/lib/avr5\libm.a(sqrt.o)
                0x000040aa                sqrtf
                0x000040aa                sqrt
 .text.avr-libc.fplib
                0x0000412a        0xa c:/program files (x86)/atmel/studio/7.0/toolchain/avr8/avr8-gnu-toolchain/bin/../lib/gcc/avr/4.9.2/../../../../avr/lib/avr5\libm.a(unordsf2.o)
                0x0000412a                __unordsf2
 .text.avr-libc.fplib
                0x00004134       0x74 c:/program files (x86)/atmel/studio/7.0/toolchain/avr8/avr8-gnu-toolchain/bin/../lib/gcc/avr/4.9.2/../../../../avr/lib/avr5\libm.a(exp.o)
                0x00004144                exp
 .text.avr-libc.fplib
                0x000041a8       0x1c c:/program files (x86)/atmel/studio/7.0/toolchain/avr8/avr8-gnu-toolchain/bin/../lib/gcc/avr/4.9.2/../../../../avr/lib/avr5\libm.a(fp_mpack.o)
                0x000041a8                __fp_mpack
                0x000041ac                __fp_mpack_finite
 .text.avr-libc.fplib
                0x000041c4        0xe c:/program files (x86)/atmel/studio/7.0/toolchain/avr8/avr8-gnu-toolchain/bin/../lib/gcc/avr/4.9.2/../../../../avr/lib/avr5\libm.a(fp_norm2.o)
                0x000041c4                __fp_norm2
 .text.avr-libc.fplib
                0x000041d2       0x10 c:/program files (x86)/atmel/studio/7.0/toolchain/avr8/avr8-gnu-toolchain/bin/../lib/gcc/avr/4.9.2/../../../../avr/lib/avr5\libm.a(inverse.o)
                0x000041d2                inverse
 .text.avr-libc.fplib
                0x000041e2       0x74 c:/program files (x86)/atmel/studio/7.0/toolchain/avr8/avr8-gnu-toolchain/bin/../lib/gcc/avr/4.9.2/../../../../avr/lib/avr5\libm.a(ldexp.o)
                0x000041ea                ldexp
 .text.avr-libc.fplib
                0x00004256       0xa0 c:/program files (x86)/atmel/studio/7.0/toolchain/avr8/avr8-gnu-toolchain/bin/../lib/gcc/avr/4.9.2/../../../../avr/lib/avr5\libm.a(log.o)
                0x00004266                log
 .text.avr-libc.fplib
                0x000042f6       0x68 c:/program files (x86)/atmel/studio/7.0/toolchain/avr8/avr8-gnu-toolchain/bin/../lib/gcc/avr/4.9.2/../../../../avr/lib/avr5\libm.a(modf.o)
                0x000042f6                modf
                0x000042f6                modff
 .text.libgcc.div
                0x0000435e       0x28 c:/program files (x86)/atmel/studio/7.0/toolchain/avr8/avr8-gnu-toolchain/bin/../lib/gcc/avr/4.9.2/avr5\libgcc.a(_divmodhi4.o)
                0x0000435e                _div
                0x0000435e                __divmodhi4
 .text.libgcc.div
                0x00004386       0x2e c:/program files (x86)/atmel/studio/7.0/toolchain/avr8/avr8-gnu-toolchain/bin/../lib/gcc/avr/4.9.2/avr5\libgcc.a(_divmodsi4.o)
                0x00004386                __divmodsi4
 .text.libgcc.div
                0x000043b4       0x10 c:/program files (x86)/atmel/studio/7.0/toolchain/avr8/avr8-gnu-toolchain/bin/../lib/gcc/avr/4.9.2/avr5\libgcc.a(_negsi2.o)
                0x000043b4                __negsi2
 .text.libgcc.mul
                0x000043c4       0x1e c:/program files (x86)/atmel/studio/7.0/toolchain/avr8/avr8-gnu-toolchain/bin/../lib/gcc/avr/4.9.2/avr5\libgcc.a(_umulhisi3.o)
                0x000043c4                __umulhisi3
 .text.libgcc.mul
                0x000043e2       0x16 c:/program files (x86)/atmel/studio/7.0/toolchain/avr8/avr8-gnu-toolchain/bin/../lib/gcc/avr/4.9.2/avr5\libgcc.a(_muluhisi3.o)
                0x000043e2                __muluhisi3
 .text.libgcc.div
                0x000043f8       0x28 c:/program files (x86)/atmel/studio/7.0/toolchain/avr8/avr8-gnu-toolchain/bin/../lib/gcc/avr/4.9.2/avr5\libgcc.a(_udivmodhi4.o)
                0x000043f8                __udivmodhi4
 .text.libgcc.div
                0x00004420       0x44 c:/program files (x86)/atmel/studio/7.0/toolchain/avr8/avr8-gnu-toolchain/bin/../lib/gcc/avr/4.9.2/avr5\libgcc.a(_udivmodsi4.o)
                0x00004420                __udivmodsi4
 .text.avr-libc
                0x00004464       0x40 c:/program files (x86)/atmel/studio/7.0/toolchain/avr8/avr8-gnu-toolchain/bin/../lib/gcc/avr/4.9.2/../../../../avr/lib/avr5\libc.a(dtostrf.o)
                0x00004464                dtostrf
 .text.avr-libc
                0x000044a4        0x8 c:/program files (x86)/atmel/studio/7.0/toolchain/avr8/avr8-gnu-toolchain/bin/../lib/gcc/avr/4.9.2/../../../../avr/lib/avr5\libc.a(atof.o)
                0x000044a4                atof
 .text.avr-libc
                0x000044ac       0x3c c:/program files (x86)/atmel/studio/7.0/toolchain/avr8/avr8-gnu-toolchain/bin/../lib/gcc/avr/4.9.2/../../../../avr/lib/avr5\libc.a(atoi.o)
                0x000044ac                atoi
 .text.avr-libc
                0x000044e8       0x16 c:/program files (x86)/atmel/studio/7.0/toolchain/avr8/avr8-gnu-toolchain/bin/../lib/gcc/avr/4.9.2/../../../../avr/lib/avr5\libc.a(strcat.o)
                0x000044e8                strcat
 .text.avr-libc
                0x000044fe       0x34 c:/program files (x86)/atmel/studio/7.0/toolchain/avr8/avr8-gnu-toolchain/bin/../lib/gcc/avr/4.9.2/../../../../avr/lib/avr5\libc.a(strstr.o)
                0x000044fe                strstr
 .text.avr-libc
                0x00004532       0x16 c:/program files (x86)/atmel/studio/7.0/toolchain/avr8/avr8-gnu-toolchain/bin/../lib/gcc/avr/4.9.2/../../../../avr/lib/avr5\libc.a(itoa_ncheck.o)
                0x00004532                __itoa_ncheck
 .text.avr-libc
                0x00004548       0x1e c:/program files (x86)/atmel/studio/7.0/toolchain/avr8/avr8-gnu-toolchain/bin/../lib/gcc/avr/4.9.2/../../../../avr/lib/avr5\libc.a(ltoa_ncheck.o)
                0x00004548                __ltoa_ncheck
 .text.avr-libc
                0x00004566       0x10 c:/program files (x86)/atmel/studio/7.0/toolchain/avr8/avr8-gnu-toolchain/bin/../lib/gcc/avr/4.9.2/../../../../avr/lib/avr5\libc.a(mul10.o)
                0x00004566                __mulhi_const_10
 .text.avr-libc
                0x00004576       0x44 c:/program files (x86)/atmel/studio/7.0/toolchain/avr8/avr8-gnu-toolchain/bin/../lib/gcc/avr/4.9.2/../../../../avr/lib/avr5\libc.a(ultoa_ncheck.o)
                0x00004576                __ultoa_ncheck
                0x00004578                __ultoa_common
 .text.avr-libc
                0x000045ba       0x34 c:/program files (x86)/atmel/studio/7.0/toolchain/avr8/avr8-gnu-toolchain/bin/../lib/gcc/avr/4.9.2/../../../../avr/lib/avr5\libc.a(utoa_ncheck.o)
                0x000045ba                __utoa_ncheck
                0x000045bc                __utoa_common
 .text.avr-libc
                0x000045ee      0x31c c:/program files (x86)/atmel/studio/7.0/toolchain/avr8/avr8-gnu-toolchain/bin/../lib/gcc/avr/4.9.2/../../../../avr/lib/avr5\libc.a(dtoa_prf.o)
                0x000045ee                dtoa_prf
 .text.avr-libc
                0x0000490a      0x2ba c:/program files (x86)/atmel/studio/7.0/toolchain/avr8/avr8-gnu-toolchain/bin/../lib/gcc/avr/4.9.2/../../../../avr/lib/avr5\libc.a(strtod.o)
                0x0000490a                strtod
 .text.avr-libc
                0x00004bc4      0x1b0 c:/program files (x86)/atmel/studio/7.0/toolchain/avr8/avr8-gnu-toolchain/bin/../lib/gcc/avr/4.9.2/../../../../avr/lib/avr5\libc.a(ftoa_engine.o)
                0x00004bc4                __ftoa_engine
 .text.avr-libc
                0x00004d74       0x12 c:/program files (x86)/atmel/studio/7.0/toolchain/avr8/avr8-gnu-toolchain/bin/../lib/gcc/avr/4.9.2/../../../../avr/lib/avr5\libc.a(isspace.o)
                0x00004d74                isspace
 .text.avr-libc
                0x00004d86       0x30 c:/program files (x86)/atmel/studio/7.0/toolchain/avr8/avr8-gnu-toolchain/bin/../lib/gcc/avr/4.9.2/../../../../avr/lib/avr5\libc.a(strncasecmp_P.o)
                0x00004d86                strncasecmp_P
 .text.avr-libc
                0x00004db6       0x20 c:/program files (x86)/atmel/studio/7.0/toolchain/avr8/avr8-gnu-toolchain/bin/../lib/gcc/avr/4.9.2/../../../../avr/lib/avr5\libc.a(strrev.o)
                0x00004db6                strrev
 .text.avr-libc
                0x00004dd6        0x6 c:/program files (x86)/atmel/studio/7.0/toolchain/avr8/avr8-gnu-toolchain/bin/../lib/gcc/avr/4.9.2/../../../../avr/lib/avr5\libc.a(cty_isfalse.o)
                0x00004dd6                __ctype_isfalse
                0x00004dda                __ctype_istrue
 .text.avr-libc
                0x00004ddc       0x10 C:/Program Files (x86)/Atmel/Studio/7.0/Packs/atmel/ATmega_DFP/1.1.130/gcc/dev/atmega328p/avr5\libatmega328p.a(eerd_byte.o)
                0x00004ddc                eeprom_read_byte
 .text.avr-libc
                0x00004dec        0xc C:/Program Files (x86)/Atmel/Studio/7.0/Packs/atmel/ATmega_DFP/1.1.130/gcc/dev/atmega328p/avr5\libatmega328p.a(eerd_dword.o)
                0x00004dec                eeprom_read_float
                0x00004dec                eeprom_read_dword
 .text.avr-libc
                0x00004df8       0x1c C:/Program Files (x86)/Atmel/Studio/7.0/Packs/atmel/ATmega_DFP/1.1.130/gcc/dev/atmega328p/avr5\libatmega328p.a(eewr_byte.o)
                0x00004df8                eeprom_write_byte
                0x00004dfa                eeprom_write_r18
 .text.avr-libc
                0x00004e14       0x10 C:/Program Files (x86)/Atmel/Studio/7.0/Packs/atmel/ATmega_DFP/1.1.130/gcc/dev/atmega328p/avr5\libatmega328p.a(eewr_dword.o)
                0x00004e14                eeprom_write_dword
                0x00004e14                eeprom_write_float
 .text.avr-libc
                0x00004e24        0xa C:/Program Files (x86)/Atmel/Studio/7.0/Packs/atmel/ATmega_DFP/1.1.130/gcc/dev/atmega328p/avr5\libatmega328p.a(eewr_word.o)
                0x00004e24                eeprom_write_word
 .text.avr-libc
                0x00004e2e       0x20 C:/Program Files (x86)/Atmel/Studio/7.0/Packs/atmel/ATmega_DFP/1.1.130/gcc/dev/atmega328p/avr5\libatmega328p.a(eerd_block.o)
                0x00004e2e                eeprom_read_block
                0x00004e32                eeprom_read_blraw
 .text.libgcc.prologue
                0x00004e4e       0x38 c:/program files (x86)/atmel/studio/7.0/toolchain/avr8/avr8-gnu-toolchain/bin/../lib/gcc/avr/4.9.2/avr5\libgcc.a(_prologue.o)
                0x00004e4e                __prologue_saves__
 .text.libgcc.prologue
                0x00004e86       0x36 c:/program files (x86)/atmel/studio/7.0/toolchain/avr8/avr8-gnu-toolchain/bin/../lib/gcc/avr/4.9.2/avr5\libgcc.a(_epilogue.o)
                0x00004e86                __epilogue_restores__
                0x00004ebc                . = ALIGN (0x2)
 *(.fini9)
 .fini9         0x00004ebc        0x0 c:/program files (x86)/atmel/studio/7.0/toolchain/avr8/avr8-gnu-toolchain/bin/../lib/gcc/avr/4.9.2/avr5\libgcc.a(_exit.o)
                0x00004ebc                _exit
                0x00004ebc                exit
 *(.fini9)
 *(.fini8)
 *(.fini8)
 *(.fini7)
 *(.fini7)
 *(.fini6)
 *(.fini6)
 *(.fini5)
 *(.fini5)
 *(.fini4)
 *(.fini4)
 *(.fini3)
 *(.fini3)
 *(.fini2)
 *(.fini2)
 *(.fini1)
 *(.fini1)
 *(.fini0)
 .fini0         0x00004ebc        0x4 c:/program files (x86)/atmel/studio/7.0/toolchain/avr8/avr8-gnu-toolchain/bin/../lib/gcc/avr/4.9.2/avr5\libgcc.a(_exit.o)
 *(.fini0)
                0x00004ec0                _etext = .

.data           0x00800100      0x350 load address 0x00004ec0
                0x00800100                PROVIDE (__data_start, .)
 *(.data)
 *(.data*)
 .data.overflowThresholdForce
                0x00800100        0x4 indicator.o
                0x00800100                overflowThresholdForce
 .data.overflowProtectionThreshold
                0x00800104        0x1 indicator.o
                0x00800104                overflowProtectionThreshold
 .data.machineCapacity
                0x00800105        0x4 indicator.o
                0x00800105                machineCapacity
 .data.sampleArea
                0x00800109        0x4 indicator.o
                0x00800109                sampleArea
 .data.fittedStraightLineCoef
                0x0080010d        0x8 indicator.o
                0x0080010d                fittedStraightLineCoef
 *(.rodata)
 *(.rodata*)
 .rodata.str1.1
                0x00800115        0x2 nx4832t035.o
 .rodata.BUTTON_BACK_NAME
                0x00800117        0x7 nx4832t035.o
                0x00800117                BUTTON_BACK_NAME
 .rodata.DISPLAY_UNIT_TYPE_LABEL
                0x0080011e        0xe nx4832t035.o
                0x0080011e                DISPLAY_UNIT_TYPE_LABEL
 .rodata.DISPLAY_UNIT_TYPE_BUTTON
                0x0080012c        0xe nx4832t035.o
                0x0080012c                DISPLAY_UNIT_TYPE_BUTTON
 .rodata.TEST_SPEED_UNIT_LABEL
                0x0080013a        0xb nx4832t035.o
                0x0080013a                TEST_SPEED_UNIT_LABEL
 .rodata.TEST_SPEED_LABEL
                0x00800145        0xa nx4832t035.o
                0x00800145                TEST_SPEED_LABEL
 .rodata.OVERFLOW_ENABLED_CHECK
                0x0080014f        0xa nx4832t035.o
                0x0080014f                OVERFLOW_ENABLED_CHECK
 .rodata.OVERFLOW_THRESHOLD_LABEL
                0x00800159        0x8 nx4832t035.o
                0x00800159                OVERFLOW_THRESHOLD_LABEL
 .rodata.OVERFLOW_THRESHOLD_SLIDER
                0x00800161        0x9 nx4832t035.o
                0x00800161                OVERFLOW_THRESHOLD_SLIDER
 .rodata.OVERFLOW_MODE_ON_RADIO
                0x0080016a        0x5 nx4832t035.o
                0x0080016a                OVERFLOW_MODE_ON_RADIO
 .rodata.OVERFLOW_MODE_OFF_RADIO
                0x0080016f        0x6 nx4832t035.o
                0x0080016f                OVERFLOW_MODE_OFF_RADIO
 .rodata.CAPACITY_VALUE_LABEL
                0x00800175        0xa nx4832t035.o
                0x00800175                CAPACITY_VALUE_LABEL
 .rodata.SAMPLE_AREA_NAME
                0x0080017f        0x7 nx4832t035.o
                0x0080017f                SAMPLE_AREA_NAME
 .rodata.SAMPLE_FIELD_3_NAME
                0x00800186        0xa nx4832t035.o
                0x00800186                SAMPLE_FIELD_3_NAME
 .rodata.SAMPLE_FIELD_2_NAME
                0x00800190        0xa nx4832t035.o
                0x00800190                SAMPLE_FIELD_2_NAME
 .rodata.SAMPLE_FIELD_1_NAME
                0x0080019a        0xa nx4832t035.o
                0x0080019a                SAMPLE_FIELD_1_NAME
 .rodata.SAMPLE_IMG_NAME
                0x008001a4        0x9 nx4832t035.o
                0x008001a4                SAMPLE_IMG_NAME
 .rodata.REMOVE_IMG_NAME
                0x008001ad        0x9 nx4832t035.o
                0x008001ad                REMOVE_IMG_NAME
 .rodata.PREV_CAL_UNIT_IMG_NAME
                0x008001b6        0xd nx4832t035.o
                0x008001b6                PREV_CAL_UNIT_IMG_NAME
 .rodata.NEXT_CAL_UNIT_IMG_NAME
                0x008001c3        0xd nx4832t035.o
                0x008001c3                NEXT_CAL_UNIT_IMG_NAME
 .rodata.PREV_POINT_IMG_NAME
                0x008001d0        0x9 nx4832t035.o
                0x008001d0                PREV_POINT_IMG_NAME
 .rodata.NEXT_POINT_IMG_NAME
                0x008001d9        0x9 nx4832t035.o
                0x008001d9                NEXT_POINT_IMG_NAME
 .rodata.CALIBRATION_UNIT_LABEL
                0x008001e2        0x8 nx4832t035.o
                0x008001e2                CALIBRATION_UNIT_LABEL
 .rodata.CALIBRATION_VALUE_LABEL
                0x008001ea        0xa nx4832t035.o
                0x008001ea                CALIBRATION_VALUE_LABEL
 .rodata.SELECTED_POINT_VAR
                0x008001f4        0xf nx4832t035.o
                0x008001f4                SELECTED_POINT_VAR
 .rodata.SELECTED_POINT_LABEL
                0x00800203        0xc nx4832t035.o
                0x00800203                SELECTED_POINT_LABEL
 .rodata.CONFIRM_BUTTON
                0x0080020f        0xa nx4832t035.o
                0x0080020f                CONFIRM_BUTTON
 .rodata.UNLOCKED_IMG_INDEX
                0x00800219        0x3 nx4832t035.o
                0x00800219                UNLOCKED_IMG_INDEX
 .rodata.LOCKED_IMG_INDEX
                0x0080021c        0x3 nx4832t035.o
                0x0080021c                LOCKED_IMG_INDEX
 .rodata.LOCKED_IMG_NAME
                0x0080021f        0x9 nx4832t035.o
                0x0080021f                LOCKED_IMG_NAME
 .rodata.LOCKED_VAR
                0x00800228        0x7 nx4832t035.o
                0x00800228                LOCKED_VAR
 .rodata.DISPLAY_UNIT_LABEL
                0x0080022f        0xa nx4832t035.o
                0x0080022f                DISPLAY_UNIT_LABEL
 .rodata.PEAK_VALUE_LABEL
                0x00800239        0x9 nx4832t035.o
                0x00800239                PEAK_VALUE_LABEL
 .rodata.MAIN_NUMBER_LABEL
                0x00800242        0x4 nx4832t035.o
                0x00800242                MAIN_NUMBER_LABEL
 .rodata.NEW_POINT_CALIBRATION_VALUE_LABEL
                0x00800246        0xa nx4832t035.o
                0x00800246                NEW_POINT_CALIBRATION_VALUE_LABEL
 .rodata.DIGITAL_VALUE_VAR
                0x00800250        0x8 nx4832t035.o
                0x00800250                DIGITAL_VALUE_VAR
 .rodata.DIGITAL_VALUE_LABEL
                0x00800258        0xe nx4832t035.o
                0x00800258                DIGITAL_VALUE_LABEL
 .rodata.CAPACITY_PAGE_NAME
                0x00800266        0x2 nx4832t035.o
                0x00800266                CAPACITY_PAGE_NAME
 .rodata.SAMPLE_PAGE_NAME
                0x00800268        0x2 nx4832t035.o
                0x00800268                SAMPLE_PAGE_NAME
 .rodata.NEW_POINT_PAGE_NAME
                0x0080026a        0x2 nx4832t035.o
                0x0080026a                NEW_POINT_PAGE_NAME
 .rodata.CALIBRATION_PAGE_NAME
                0x0080026c        0x2 nx4832t035.o
                0x0080026c                CALIBRATION_PAGE_NAME
 .rodata.MENU_PAGE_NAME
                0x0080026e        0x2 nx4832t035.o
                0x0080026e                MENU_PAGE_NAME
 .rodata.MAIN_PAGE_NAME
                0x00800270        0x2 nx4832t035.o
                0x00800270                MAIN_PAGE_NAME
 .rodata.PIC    0x00800272        0x6 nx4832t035.o
                0x00800272                PIC
 .rodata.PCO    0x00800278        0x6 nx4832t035.o
                0x00800278                PCO
 .rodata.VAL    0x0080027e        0x6 nx4832t035.o
                0x0080027e                VAL
 .rodata.TXT    0x00800284        0x6 nx4832t035.o
                0x00800284                TXT
 .rodata.END    0x0080028a        0x4 nx4832t035.o
                0x0080028a                END
 .rodata.VIS    0x0080028e        0x5 nx4832t035.o
                0x0080028e                VIS
 .rodata.PAGE   0x00800293        0x6 nx4832t035.o
                0x00800293                PAGE
 .rodata.REFRESH
                0x00800299        0x5 nx4832t035.o
                0x00800299                REFRESH
 .rodata.str1.1
                0x0080029e       0xe1 indicator.o
                                 0xe4 (size before relaxing)
 .rodata.tensionUnitsString
                0x0080037f       0x28 indicator.o
                0x0080037f                tensionUnitsString
 .rodata.forceUnitsString
                0x008003a7       0x1e indicator.o
                0x008003a7                forceUnitsString
 .rodata.READY  0x008003c5        0x7 indicator.o
                0x008003c5                READY
 .rodata.CLEAR_PEAK_COMMAND
                0x008003cc        0x5 indicator.o
                0x008003cc                CLEAR_PEAK_COMMAND
 .rodata.ZERO_COMMAND
                0x008003d1        0x5 indicator.o
                0x008003d1                ZERO_COMMAND
 .rodata.TOGGLE_OVERFLOW_PROTECTION_COMMAND
                0x008003d6        0x8 indicator.o
                0x008003d6                TOGGLE_OVERFLOW_PROTECTION_COMMAND
 .rodata.OVERFLOW_PROTECTION_PERCENTAGE_COMMAND
                0x008003de        0x8 indicator.o
                0x008003de                OVERFLOW_PROTECTION_PERCENTAGE_COMMAND
 .rodata.OVERFLOW_PROTECTION_MODE_COMMAND
                0x008003e6        0x9 indicator.o
                0x008003e6                OVERFLOW_PROTECTION_MODE_COMMAND
 .rodata.FLOAT_VAL_COMMAND
                0x008003ef        0x6 indicator.o
                0x008003ef                FLOAT_VAL_COMMAND
 .rodata.FLOAT_VAR_COMMAND
                0x008003f5        0x6 indicator.o
                0x008003f5                FLOAT_VAR_COMMAND
 .rodata.DELETE_CALIBRATION_POINT_COMMAND
                0x008003fb        0x6 indicator.o
                0x008003fb                DELETE_CALIBRATION_POINT_COMMAND
 .rodata.CHANGE_SAMPLE_COMMAND
                0x00800401        0x8 indicator.o
                0x00800401                CHANGE_SAMPLE_COMMAND
 .rodata.CHANGE_CALIBRATION_POINT_COMMAND
                0x00800409        0x7 indicator.o
                0x00800409                CHANGE_CALIBRATION_POINT_COMMAND
 .rodata.CONFIRM_NEW_POINT_COMMAND
                0x00800410        0x5 indicator.o
                0x00800410                CONFIRM_NEW_POINT_COMMAND
 .rodata.GO_TO_COMMAND
                0x00800415        0x6 indicator.o
                0x00800415                GO_TO_COMMAND
 .rodata.POINT_LOCKED_COMMAND
                0x0080041b        0x6 indicator.o
                0x0080041b                POINT_LOCKED_COMMAND
 .rodata.CHANGE_DISPLAY_UNIT_TYPE_COMMAND
                0x00800421        0xd indicator.o
                0x00800421                CHANGE_DISPLAY_UNIT_TYPE_COMMAND
 .rodata.CHANGE_DISPLAY_UNIT_COMMAND
                0x0080042e        0xb indicator.o
                0x0080042e                CHANGE_DISPLAY_UNIT_COMMAND
 .rodata.CHANGE_CALIBRATION_UNIT_COMMAND
                0x00800439        0xa indicator.o
                0x00800439                CHANGE_CALIBRATION_UNIT_COMMAND
 .rodata.PAGE_COMMAND
                0x00800443        0x6 indicator.o
                0x00800443                PAGE_COMMAND
 .rodata.UNIT_COMMAND
                0x00800449        0x6 indicator.o
                0x00800449                UNIT_COMMAND
 *(.gnu.linkonce.d*)
                0x00800450                . = ALIGN (0x2)
 *fill*         0x0080044f        0x1 
                0x00800450                _edata = .
                0x00800450                PROVIDE (__data_end, .)

.bss            0x00800450       0xc5
                0x00800450                PROVIDE (__bss_start, .)
 *(.bss)
 *(.bss*)
 .bss.lastTestSpeed
                0x00800450        0x4 indicator.o
                0x00800450                lastTestSpeed
 .bss.timerTick
                0x00800454        0x4 indicator.o
                0x00800454                timerTick
 .bss.testSpeedCalcArrayIndex
                0x00800458        0x1 indicator.o
                0x00800458                testSpeedCalcArrayIndex
 .bss.overflowProtectionEnabled
                0x00800459        0x1 indicator.o
                0x00800459                overflowProtectionEnabled
 .bss.overflowBeepCounter
                0x0080045a        0x1 indicator.o
                0x0080045a                overflowBeepCounter
 .bss.overflowProtectionMode
                0x0080045b        0x1 indicator.o
                0x0080045b                overflowProtectionMode
 .bss.sampleValues
                0x0080045c        0xc indicator.o
                0x0080045c                sampleValues
 .bss.sample    0x00800468        0x1 indicator.o
                0x00800468                sample
 .bss.newPointValue
                0x00800469        0x4 indicator.o
                0x00800469                newPointValue
 .bss.adFetchStop
                0x0080046d        0x1 indicator.o
                0x0080046d                adFetchStop
 .bss.peakForceValue
                0x0080046e        0x4 indicator.o
                0x0080046e                peakForceValue
 .bss.lastAdData
                0x00800472        0x4 indicator.o
                0x00800472                lastAdData
 .bss.calibrationUnit
                0x00800476        0x1 indicator.o
                0x00800476                calibrationUnit
 .bss.calibratedPoints
                0x00800477        0x1 indicator.o
                0x00800477                calibratedPoints
 .bss.selectedPoint
                0x00800478        0x1 indicator.o
                0x00800478                selectedPoint
 .bss.displayTensionUnit
                0x00800479        0x1 indicator.o
                0x00800479                displayTensionUnit
 .bss.displayForceUnit
                0x0080047a        0x1 indicator.o
                0x0080047a                displayForceUnit
 .bss.displayUnitType
                0x0080047b        0x1 indicator.o
                0x0080047b                displayUnitType
 .bss.currentPage
                0x0080047c        0x1 indicator.o
                0x0080047c                currentPage
 .bss.inBufferEndIndex
                0x0080047d        0x1 serial.o
                0x0080047d                inBufferEndIndex
 .bss.inBufferStartIndex
                0x0080047e        0x1 serial.o
                0x0080047e                inBufferStartIndex
 *(COMMON)
 COMMON         0x0080047f       0x7c indicator.o
                0x0080047f                fVarCallbackPtr
                0x00800481                sortedCalibrationPoints
                0x0080048b                testSpeedCalculationArray
                0x008004a9                calibrationPoints
                0x008004f9                fVarPtr
 COMMON         0x008004fb       0x18 serial.o
                0x008004fb                inputBuffer
 COMMON         0x00800513        0x2 c:/program files (x86)/atmel/studio/7.0/toolchain/avr8/avr8-gnu-toolchain/bin/../lib/gcc/avr/4.9.2/../../../../avr/lib/avr5\libc.a(errno.o)
                0x00800513                errno
                0x00800515                PROVIDE (__bss_end, .)
                0x00004ec0                __data_load_start = LOADADDR (.data)
                0x00005210                __data_load_end = (__data_load_start + SIZEOF (.data))

.noinit         0x00800515        0x0
                [!provide]                PROVIDE (__noinit_start, .)
 *(.noinit*)
                [!provide]                PROVIDE (__noinit_end, .)
                0x00800515                _end = .
                [!provide]                PROVIDE (__heap_start, .)

.eeprom         0x00810000        0x0
 *(.eeprom*)
                0x00810000                __eeprom_end = .

.fuse
 *(.fuse)
 *(.lfuse)
 *(.hfuse)
 *(.efuse)

.lock
 *(.lock*)

.signature
 *(.signature*)

.user_signatures
 *(.user_signatures*)

.stab
 *(.stab)

.stabstr
 *(.stabstr)

.stab.excl
 *(.stab.excl)

.stab.exclstr
 *(.stab.exclstr)

.stab.index
 *(.stab.index)

.stab.indexstr
 *(.stab.indexstr)

.comment        0x00000000       0x5c
 *(.comment)
 .comment       0x00000000       0x30 ads1231.o
                                 0x31 (size before relaxing)
 .comment       0x00000030       0x31 least_square.o
 .comment       0x00000030       0x31 main.o
 .comment       0x00000030       0x31 myeeprom.o
 .comment       0x00000030       0x31 mystdlib.o
 .comment       0x00000030       0x31 mystring.o
 .comment       0x00000030       0x31 nx4832t035.o
 .comment       0x00000030       0x31 indicator.o
 .comment       0x00000030       0x31 passive_buzer.o
 .comment       0x00000030       0x31 serial.o
 .comment       0x00000030       0x31 software_uart.o
 .comment       0x00000030       0x31 ssr.o
 .comment       0x00000030       0x31 c:/program files (x86)/atmel/studio/7.0/toolchain/avr8/avr8-gnu-toolchain/bin/../lib/gcc/avr/4.9.2/../../../../avr/lib/avr5\libc.a(dtostrf.o)
 .comment       0x00000030       0x31 c:/program files (x86)/atmel/studio/7.0/toolchain/avr8/avr8-gnu-toolchain/bin/../lib/gcc/avr/4.9.2/../../../../avr/lib/avr5\libc.a(dtoa_prf.o)
 .comment       0x00000030       0x31 c:/program files (x86)/atmel/studio/7.0/toolchain/avr8/avr8-gnu-toolchain/bin/../lib/gcc/avr/4.9.2/../../../../avr/lib/avr5\libc.a(strtod.o)
 .comment       0x00000030       0x2c c:/program files (x86)/atmel/studio/7.0/toolchain/avr8/avr8-gnu-toolchain/bin/../lib/gcc/avr/4.9.2/../../../../avr/lib/avr5\libc.a(errno.o)
                                 0x2d (size before relaxing)

.note.gnu.avr.deviceinfo
                0x00000000       0x40
 .note.gnu.avr.deviceinfo
                0x00000000       0x40 C:/Program Files (x86)/Atmel/Studio/7.0/Packs/atmel/ATmega_DFP/1.1.130/gcc/dev/atmega328p/avr5/crtatmega328p.o

.note.gnu.build-id
 *(.note.gnu.build-id)

.debug
 *(.debug)

.line
 *(.line)

.debug_srcinfo
 *(.debug_srcinfo)

.debug_sfnames
 *(.debug_sfnames)

.debug_aranges  0x00000000      0x648
 *(.debug_aranges)
 .debug_aranges
                0x00000000       0x28 ads1231.o
 .debug_aranges
                0x00000028       0x60 least_square.o
 .debug_aranges
                0x00000088       0x20 main.o
 .debug_aranges
                0x000000a8       0xb0 myeeprom.o
 .debug_aranges
                0x00000158       0x28 mystdlib.o
 .debug_aranges
                0x00000180       0x28 mystring.o
 .debug_aranges
                0x000001a8       0x98 nx4832t035.o
 .debug_aranges
                0x00000240      0x208 indicator.o
 .debug_aranges
                0x00000448       0x30 passive_buzer.o
 .debug_aranges
                0x00000478       0x78 serial.o
 .debug_aranges
                0x000004f0       0x60 software_uart.o
 .debug_aranges
                0x00000550       0x38 ssr.o
 .debug_aranges
                0x00000588       0x20 C:/Program Files (x86)/Atmel/Studio/7.0/Packs/atmel/ATmega_DFP/1.1.130/gcc/dev/atmega328p/avr5\libatmega328p.a(eerd_byte.o)
 .debug_aranges
                0x000005a8       0x20 C:/Program Files (x86)/Atmel/Studio/7.0/Packs/atmel/ATmega_DFP/1.1.130/gcc/dev/atmega328p/avr5\libatmega328p.a(eerd_dword.o)
 .debug_aranges
                0x000005c8       0x20 C:/Program Files (x86)/Atmel/Studio/7.0/Packs/atmel/ATmega_DFP/1.1.130/gcc/dev/atmega328p/avr5\libatmega328p.a(eewr_byte.o)
 .debug_aranges
                0x000005e8       0x20 C:/Program Files (x86)/Atmel/Studio/7.0/Packs/atmel/ATmega_DFP/1.1.130/gcc/dev/atmega328p/avr5\libatmega328p.a(eewr_dword.o)
 .debug_aranges
                0x00000608       0x20 C:/Program Files (x86)/Atmel/Studio/7.0/Packs/atmel/ATmega_DFP/1.1.130/gcc/dev/atmega328p/avr5\libatmega328p.a(eewr_word.o)
 .debug_aranges
                0x00000628       0x20 C:/Program Files (x86)/Atmel/Studio/7.0/Packs/atmel/ATmega_DFP/1.1.130/gcc/dev/atmega328p/avr5\libatmega328p.a(eerd_block.o)

.debug_pubnames
 *(.debug_pubnames)

.debug_info     0x00000000     0x7f38
 *(.debug_info .gnu.linkonce.wi.*)
 .debug_info    0x00000000      0x5f4 C:/Program Files (x86)/Atmel/Studio/7.0/Packs/atmel/ATmega_DFP/1.1.130/gcc/dev/atmega328p/avr5/crtatmega328p.o
 .debug_info    0x000005f4      0x219 ads1231.o
 .debug_info    0x0000080d      0x863 least_square.o
 .debug_info    0x00001070      0x212 main.o
 .debug_info    0x00001282      0x80f myeeprom.o
 .debug_info    0x00001a91      0x18d mystdlib.o
 .debug_info    0x00001c1e       0xe4 mystring.o
 .debug_info    0x00001d02     0x1559 nx4832t035.o
 .debug_info    0x0000325b     0x3aa0 indicator.o
 .debug_info    0x00006cfb      0x233 passive_buzer.o
 .debug_info    0x00006f2e      0x498 serial.o
 .debug_info    0x000073c6      0x65d software_uart.o
 .debug_info    0x00007a23      0x10a ssr.o
 .debug_info    0x00007b2d       0xac C:/Program Files (x86)/Atmel/Studio/7.0/Packs/atmel/ATmega_DFP/1.1.130/gcc/dev/atmega328p/avr5\libatmega328p.a(eerd_byte.o)
 .debug_info    0x00007bd9       0xad C:/Program Files (x86)/Atmel/Studio/7.0/Packs/atmel/ATmega_DFP/1.1.130/gcc/dev/atmega328p/avr5\libatmega328p.a(eerd_dword.o)
 .debug_info    0x00007c86       0xac C:/Program Files (x86)/Atmel/Studio/7.0/Packs/atmel/ATmega_DFP/1.1.130/gcc/dev/atmega328p/avr5\libatmega328p.a(eewr_byte.o)
 .debug_info    0x00007d32       0xad C:/Program Files (x86)/Atmel/Studio/7.0/Packs/atmel/ATmega_DFP/1.1.130/gcc/dev/atmega328p/avr5\libatmega328p.a(eewr_dword.o)
 .debug_info    0x00007ddf       0xac C:/Program Files (x86)/Atmel/Studio/7.0/Packs/atmel/ATmega_DFP/1.1.130/gcc/dev/atmega328p/avr5\libatmega328p.a(eewr_word.o)
 .debug_info    0x00007e8b       0xad C:/Program Files (x86)/Atmel/Studio/7.0/Packs/atmel/ATmega_DFP/1.1.130/gcc/dev/atmega328p/avr5\libatmega328p.a(eerd_block.o)

.debug_abbrev   0x00000000     0x1b11
 *(.debug_abbrev)
 .debug_abbrev  0x00000000      0x5a2 C:/Program Files (x86)/Atmel/Studio/7.0/Packs/atmel/ATmega_DFP/1.1.130/gcc/dev/atmega328p/avr5/crtatmega328p.o
 .debug_abbrev  0x000005a2      0x127 ads1231.o
 .debug_abbrev  0x000006c9      0x1aa least_square.o
 .debug_abbrev  0x00000873      0x131 main.o
 .debug_abbrev  0x000009a4      0x1f7 myeeprom.o
 .debug_abbrev  0x00000b9b       0xe6 mystdlib.o
 .debug_abbrev  0x00000c81       0x89 mystring.o
 .debug_abbrev  0x00000d0a      0x275 nx4832t035.o
 .debug_abbrev  0x00000f7f      0x59f indicator.o
 .debug_abbrev  0x0000151e      0x116 passive_buzer.o
 .debug_abbrev  0x00001634      0x1c4 serial.o
 .debug_abbrev  0x000017f8      0x1ef software_uart.o
 .debug_abbrev  0x000019e7       0xb2 ssr.o
 .debug_abbrev  0x00001a99       0x14 C:/Program Files (x86)/Atmel/Studio/7.0/Packs/atmel/ATmega_DFP/1.1.130/gcc/dev/atmega328p/avr5\libatmega328p.a(eerd_byte.o)
 .debug_abbrev  0x00001aad       0x14 C:/Program Files (x86)/Atmel/Studio/7.0/Packs/atmel/ATmega_DFP/1.1.130/gcc/dev/atmega328p/avr5\libatmega328p.a(eerd_dword.o)
 .debug_abbrev  0x00001ac1       0x14 C:/Program Files (x86)/Atmel/Studio/7.0/Packs/atmel/ATmega_DFP/1.1.130/gcc/dev/atmega328p/avr5\libatmega328p.a(eewr_byte.o)
 .debug_abbrev  0x00001ad5       0x14 C:/Program Files (x86)/Atmel/Studio/7.0/Packs/atmel/ATmega_DFP/1.1.130/gcc/dev/atmega328p/avr5\libatmega328p.a(eewr_dword.o)
 .debug_abbrev  0x00001ae9       0x14 C:/Program Files (x86)/Atmel/Studio/7.0/Packs/atmel/ATmega_DFP/1.1.130/gcc/dev/atmega328p/avr5\libatmega328p.a(eewr_word.o)
 .debug_abbrev  0x00001afd       0x14 C:/Program Files (x86)/Atmel/Studio/7.0/Packs/atmel/ATmega_DFP/1.1.130/gcc/dev/atmega328p/avr5\libatmega328p.a(eerd_block.o)

.debug_line     0x00000000     0x32f4
 *(.debug_line .debug_line.* .debug_line_end)
 .debug_line    0x00000000      0x133 C:/Program Files (x86)/Atmel/Studio/7.0/Packs/atmel/ATmega_DFP/1.1.130/gcc/dev/atmega328p/avr5/crtatmega328p.o
 .debug_line    0x00000133      0x1ce ads1231.o
 .debug_line    0x00000301      0x569 least_square.o
 .debug_line    0x0000086a      0x165 main.o
 .debug_line    0x000009cf      0x439 myeeprom.o
 .debug_line    0x00000e08      0x130 mystdlib.o
 .debug_line    0x00000f38       0xa3 mystring.o
 .debug_line    0x00000fdb      0x4ce nx4832t035.o
 .debug_line    0x000014a9     0x132e indicator.o
 .debug_line    0x000027d7      0x1a8 passive_buzer.o
 .debug_line    0x0000297f      0x332 serial.o
 .debug_line    0x00002cb1      0x261 software_uart.o
 .debug_line    0x00002f12       0xf4 ssr.o
 .debug_line    0x00003006       0x7a C:/Program Files (x86)/Atmel/Studio/7.0/Packs/atmel/ATmega_DFP/1.1.130/gcc/dev/atmega328p/avr5\libatmega328p.a(eerd_byte.o)
 .debug_line    0x00003080       0x68 C:/Program Files (x86)/Atmel/Studio/7.0/Packs/atmel/ATmega_DFP/1.1.130/gcc/dev/atmega328p/avr5\libatmega328p.a(eerd_dword.o)
 .debug_line    0x000030e8       0x9e C:/Program Files (x86)/Atmel/Studio/7.0/Packs/atmel/ATmega_DFP/1.1.130/gcc/dev/atmega328p/avr5\libatmega328p.a(eewr_byte.o)
 .debug_line    0x00003186       0x68 C:/Program Files (x86)/Atmel/Studio/7.0/Packs/atmel/ATmega_DFP/1.1.130/gcc/dev/atmega328p/avr5\libatmega328p.a(eewr_dword.o)
 .debug_line    0x000031ee       0x5b C:/Program Files (x86)/Atmel/Studio/7.0/Packs/atmel/ATmega_DFP/1.1.130/gcc/dev/atmega328p/avr5\libatmega328p.a(eewr_word.o)
 .debug_line    0x00003249       0xab C:/Program Files (x86)/Atmel/Studio/7.0/Packs/atmel/ATmega_DFP/1.1.130/gcc/dev/atmega328p/avr5\libatmega328p.a(eerd_block.o)

.debug_frame    0x00000000     0x1340
 *(.debug_frame)
 .debug_frame   0x00000000       0x34 ads1231.o
 .debug_frame   0x00000034      0x2cc least_square.o
 .debug_frame   0x00000300       0x24 main.o
 .debug_frame   0x00000324      0x1b8 myeeprom.o
 .debug_frame   0x000004dc       0x94 mystdlib.o
 .debug_frame   0x00000570       0x34 mystring.o
 .debug_frame   0x000005a4      0x218 nx4832t035.o
 .debug_frame   0x000007bc      0x874 indicator.o
 .debug_frame   0x00001030       0x44 passive_buzer.o
 .debug_frame   0x00001074      0x178 serial.o
 .debug_frame   0x000011ec      0x100 software_uart.o
 .debug_frame   0x000012ec       0x54 ssr.o

.debug_str      0x00000000     0x1c24
 *(.debug_str)
 .debug_str     0x00000000      0x208 C:/Program Files (x86)/Atmel/Studio/7.0/Packs/atmel/ATmega_DFP/1.1.130/gcc/dev/atmega328p/avr5/crtatmega328p.o
 .debug_str     0x00000208      0x1a9 ads1231.o
                                0x1e3 (size before relaxing)
 .debug_str     0x000003b1      0x102 least_square.o
                                0x221 (size before relaxing)
 .debug_str     0x000004b3      0x11a main.o
                                0x2b1 (size before relaxing)
 .debug_str     0x000005cd      0x353 myeeprom.o
                                0x4f3 (size before relaxing)
 .debug_str     0x00000920       0x4f mystdlib.o
                                0x1bc (size before relaxing)
 .debug_str     0x0000096f       0x77 mystring.o
                                0x12e (size before relaxing)
 .debug_str     0x000009e6      0x5bc nx4832t035.o
                                0x7ae (size before relaxing)
 .debug_str     0x00000fa2      0xaba indicator.o
                               0x1515 (size before relaxing)
 .debug_str     0x00001a5c       0x2a passive_buzer.o
                                0x202 (size before relaxing)
 .debug_str     0x00001a86       0xd8 serial.o
                                0x31a (size before relaxing)
 .debug_str     0x00001b5e       0x9c software_uart.o
                                0x2e4 (size before relaxing)
 .debug_str     0x00001bfa       0x2a ssr.o
                                0x1a4 (size before relaxing)

.debug_loc      0x00000000     0x58b7
 *(.debug_loc)
 .debug_loc     0x00000000       0x35 ads1231.o
 .debug_loc     0x00000035     0x157a least_square.o
 .debug_loc     0x000015af       0x47 main.o
 .debug_loc     0x000015f6      0x38c myeeprom.o
 .debug_loc     0x00001982      0x4a1 mystdlib.o
 .debug_loc     0x00001e23       0xc7 mystring.o
 .debug_loc     0x00001eea      0x9f9 nx4832t035.o
 .debug_loc     0x000028e3     0x24cc indicator.o
 .debug_loc     0x00004daf      0x174 passive_buzer.o
 .debug_loc     0x00004f23      0x577 serial.o
 .debug_loc     0x0000549a      0x3c2 software_uart.o
 .debug_loc     0x0000585c       0x5b ssr.o

.debug_macinfo
 *(.debug_macinfo)

.debug_weaknames
 *(.debug_weaknames)

.debug_funcnames
 *(.debug_funcnames)

.debug_typenames
 *(.debug_typenames)

.debug_varnames
 *(.debug_varnames)

.debug_pubtypes
 *(.debug_pubtypes)

.debug_ranges   0x00000000      0x4c8
 *(.debug_ranges)
 .debug_ranges  0x00000000       0x18 ads1231.o
 .debug_ranges  0x00000018       0x50 least_square.o
 .debug_ranges  0x00000068       0x10 main.o
 .debug_ranges  0x00000078       0xa0 myeeprom.o
 .debug_ranges  0x00000118       0x18 mystdlib.o
 .debug_ranges  0x00000130       0x18 mystring.o
 .debug_ranges  0x00000148       0x88 nx4832t035.o
 .debug_ranges  0x000001d0      0x1f8 indicator.o
 .debug_ranges  0x000003c8       0x20 passive_buzer.o
 .debug_ranges  0x000003e8       0x68 serial.o
 .debug_ranges  0x00000450       0x50 software_uart.o
 .debug_ranges  0x000004a0       0x28 ssr.o

.debug_macro
 *(.debug_macro)
OUTPUT(Solution.elf elf32-avr)
LOAD linker stubs
