Archive member included to satisfy reference by file (symbol)

c:/program files (x86)/atmel/studio/7.0/toolchain/avr8/avr8-gnu-toolchain/bin/../lib/gcc/avr/5.4.0/../../../../avr/lib/avr5\libm.a(addsf3.o)
                              least_square.o (__subsf3)
c:/program files (x86)/atmel/studio/7.0/toolchain/avr8/avr8-gnu-toolchain/bin/../lib/gcc/avr/5.4.0/../../../../avr/lib/avr5\libm.a(addsf3x.o)
                              c:/program files (x86)/atmel/studio/7.0/toolchain/avr8/avr8-gnu-toolchain/bin/../lib/gcc/avr/5.4.0/../../../../avr/lib/avr5\libm.a(addsf3.o) (__addsf3x)
c:/program files (x86)/atmel/studio/7.0/toolchain/avr8/avr8-gnu-toolchain/bin/../lib/gcc/avr/5.4.0/../../../../avr/lib/avr5\libm.a(asin.o)
                              indicator.o (asin)
c:/program files (x86)/atmel/studio/7.0/toolchain/avr8/avr8-gnu-toolchain/bin/../lib/gcc/avr/5.4.0/../../../../avr/lib/avr5\libm.a(cmpsf2.o)
                              least_square.o (__ltsf2)
c:/program files (x86)/atmel/studio/7.0/toolchain/avr8/avr8-gnu-toolchain/bin/../lib/gcc/avr/5.4.0/../../../../avr/lib/avr5\libm.a(divsf3.o)
                              least_square.o (__divsf3)
c:/program files (x86)/atmel/studio/7.0/toolchain/avr8/avr8-gnu-toolchain/bin/../lib/gcc/avr/5.4.0/../../../../avr/lib/avr5\libm.a(divsf3x.o)
                              c:/program files (x86)/atmel/studio/7.0/toolchain/avr8/avr8-gnu-toolchain/bin/../lib/gcc/avr/5.4.0/../../../../avr/lib/avr5\libm.a(divsf3.o) (__divsf3x)
c:/program files (x86)/atmel/studio/7.0/toolchain/avr8/avr8-gnu-toolchain/bin/../lib/gcc/avr/5.4.0/../../../../avr/lib/avr5\libm.a(fixsfsi.o)
                              mystdlib.o (__fixsfsi)
c:/program files (x86)/atmel/studio/7.0/toolchain/avr8/avr8-gnu-toolchain/bin/../lib/gcc/avr/5.4.0/../../../../avr/lib/avr5\libm.a(fixunssfsi.o)
                              passive_buzer.o (__fixunssfsi)
c:/program files (x86)/atmel/studio/7.0/toolchain/avr8/avr8-gnu-toolchain/bin/../lib/gcc/avr/5.4.0/../../../../avr/lib/avr5\libm.a(floatsisf.o)
                              ds3231.o (__floatunsisf)
c:/program files (x86)/atmel/studio/7.0/toolchain/avr8/avr8-gnu-toolchain/bin/../lib/gcc/avr/5.4.0/../../../../avr/lib/avr5\libm.a(fp_arccos.o)
                              c:/program files (x86)/atmel/studio/7.0/toolchain/avr8/avr8-gnu-toolchain/bin/../lib/gcc/avr/5.4.0/../../../../avr/lib/avr5\libm.a(asin.o) (__fp_arccos)
c:/program files (x86)/atmel/studio/7.0/toolchain/avr8/avr8-gnu-toolchain/bin/../lib/gcc/avr/5.4.0/../../../../avr/lib/avr5\libm.a(fp_cmp.o)
                              c:/program files (x86)/atmel/studio/7.0/toolchain/avr8/avr8-gnu-toolchain/bin/../lib/gcc/avr/5.4.0/../../../../avr/lib/avr5\libm.a(cmpsf2.o) (__fp_cmp)
c:/program files (x86)/atmel/studio/7.0/toolchain/avr8/avr8-gnu-toolchain/bin/../lib/gcc/avr/5.4.0/../../../../avr/lib/avr5\libm.a(fp_inf.o)
                              c:/program files (x86)/atmel/studio/7.0/toolchain/avr8/avr8-gnu-toolchain/bin/../lib/gcc/avr/5.4.0/../../../../avr/lib/avr5\libm.a(addsf3x.o) (__fp_inf)
c:/program files (x86)/atmel/studio/7.0/toolchain/avr8/avr8-gnu-toolchain/bin/../lib/gcc/avr/5.4.0/../../../../avr/lib/avr5\libm.a(fp_nan.o)
                              c:/program files (x86)/atmel/studio/7.0/toolchain/avr8/avr8-gnu-toolchain/bin/../lib/gcc/avr/5.4.0/../../../../avr/lib/avr5\libm.a(addsf3x.o) (__fp_nan)
c:/program files (x86)/atmel/studio/7.0/toolchain/avr8/avr8-gnu-toolchain/bin/../lib/gcc/avr/5.4.0/../../../../avr/lib/avr5\libm.a(fp_powser.o)
                              c:/program files (x86)/atmel/studio/7.0/toolchain/avr8/avr8-gnu-toolchain/bin/../lib/gcc/avr/5.4.0/../../../../avr/lib/avr5\libm.a(fp_arccos.o) (__fp_powser)
c:/program files (x86)/atmel/studio/7.0/toolchain/avr8/avr8-gnu-toolchain/bin/../lib/gcc/avr/5.4.0/../../../../avr/lib/avr5\libm.a(fp_powsodd.o)
                              c:/program files (x86)/atmel/studio/7.0/toolchain/avr8/avr8-gnu-toolchain/bin/../lib/gcc/avr/5.4.0/../../../../avr/lib/avr5\libm.a(asin.o) (__fp_powsodd)
c:/program files (x86)/atmel/studio/7.0/toolchain/avr8/avr8-gnu-toolchain/bin/../lib/gcc/avr/5.4.0/../../../../avr/lib/avr5\libm.a(fp_pscA.o)
                              c:/program files (x86)/atmel/studio/7.0/toolchain/avr8/avr8-gnu-toolchain/bin/../lib/gcc/avr/5.4.0/../../../../avr/lib/avr5\libm.a(addsf3x.o) (__fp_pscA)
c:/program files (x86)/atmel/studio/7.0/toolchain/avr8/avr8-gnu-toolchain/bin/../lib/gcc/avr/5.4.0/../../../../avr/lib/avr5\libm.a(fp_pscB.o)
                              c:/program files (x86)/atmel/studio/7.0/toolchain/avr8/avr8-gnu-toolchain/bin/../lib/gcc/avr/5.4.0/../../../../avr/lib/avr5\libm.a(addsf3x.o) (__fp_pscB)
c:/program files (x86)/atmel/studio/7.0/toolchain/avr8/avr8-gnu-toolchain/bin/../lib/gcc/avr/5.4.0/../../../../avr/lib/avr5\libm.a(fp_round.o)
[...]
Memory Configuration

Name             Origin             Length             Attributes
text             0x00000000         0x00020000         xr
data             0x00800060         0x0000ffa0         rw !x
eeprom           0x00810000         0x00010000         rw !x
fuse             0x00820000         0x00000003         rw !x
lock             0x00830000         0x00000400         rw !x
signature        0x00840000         0x00000400         rw !x
user_signatures  0x00850000         0x00000400         rw !x
*default*        0x00000000         0xffffffff

Linker script and memory map

Address of section .data set to 0x800100
LOAD C:/Program Files (x86)/Atmel/Studio/7.0/Packs/atmel/ATmega_DFP/1.1.130/gcc/dev/atmega328p/avr5/crtatmega328p.o
LOAD ads1231.o
LOAD ds3231.o
LOAD least_square.o
LOAD main.o
LOAD myeeprom.o
LOAD mystdlib.o
LOAD mystring.o
LOAD nx4832t035.o
LOAD indicator.o
LOAD passive_buzer.o
LOAD serial.o
LOAD software_uart.o
LOAD software_uart_ble.o
LOAD ssr.o
START GROUP
LOAD c:/program files (x86)/atmel/studio/7.0/toolchain/avr8/avr8-gnu-toolchain/bin/../lib/gcc/avr/5.4.0/../../../../avr/lib/avr5\libm.a
END GROUP
START GROUP
LOAD c:/program files (x86)/atmel/studio/7.0/toolchain/avr8/avr8-gnu-toolchain/bin/../lib/gcc/avr/5.4.0/avr5\libgcc.a
LOAD c:/program files (x86)/atmel/studio/7.0/toolchain/avr8/avr8-gnu-toolchain/bin/../lib/gcc/avr/5.4.0/../../../../avr/lib/avr5\libm.a
LOAD c:/program files (x86)/atmel/studio/7.0/toolchain/avr8/avr8-gnu-toolchain/bin/../lib/gcc/avr/5.4.0/../../../../avr/lib/avr5\libc.a
LOAD C:/Program Files (x86)/Atmel/Studio/7.0/Packs/atmel/ATmega_DFP/1.1.130/gcc/dev/atmega328p/avr5\libatmega328p.a
END GROUP
                0x00020000                __TEXT_REGION_LENGTH__ = DEFINED (__TEXT_REGION_LENGTH__)?__TEXT_REGION_LENGTH__:0x20000
                0x0000ffa0                __DATA_REGION_LENGTH__ = DEFINED (__DATA_REGION_LENGTH__)?__DATA_REGION_LENGTH__:0xffa0
                0x00010000                __EEPROM_REGION_LENGTH__ = DEFINED (__EEPROM_REGION_LENGTH__)?__EEPROM_REGION_LENGTH__:0x10000
                [0x00000003]                __FUSE_REGION_LENGTH__ = DEFINED (__FUSE_REGION_LENGTH__)?__FUSE_REGION_LENGTH__:0x400
                0x00000400                __LOCK_REGION_LENGTH__ = DEFINED (__LOCK_REGION_LENGTH__)?__LOCK_REGION_LENGTH__:0x400
                0x00000400                __SIGNATURE_REGION_LENGTH__ = DEFINED (__SIGNATURE_REGION_LENGTH__)?__SIGNATURE_REGION_LENGTH__:0x400
                0x00000400                __USER_SIGNATURE_REGION_LENGTH__ = DEFINED (__USER_SIGNATURE_REGION_LENGTH__)?__USER_SIGNATURE_REGION_LENGTH__:0x400

.hash
 *(.hash)

.dynsym
 *(.dynsym)

.dynstr
 *(.dynstr)

.gnu.version
 *(.gnu.version)

.gnu.version_d
 *(.gnu.version_d)

.gnu.version_r
 *(.gnu.version_r)

.rel.init
 *(.rel.init)

.rela.init
 *(.rela.init)

.rel.text
 *(.rel.text)
 *(.rel.text.*)
 *(.rel.gnu.linkonce.t*)

.rela.text
 *(.rela.text)
 *(.rela.text.*)
 *(.rela.gnu.linkonce.t*)

.rel.fini
 *(.rel.fini)

.rela.fini
 *(.rela.fini)

.rel.rodata
 *(.rel.rodata)
 *(.rel.rodata.*)
 *(.rel.gnu.linkonce.r*)

.rela.rodata
 *(.rela.rodata)
 *(.rela.rodata.*)
 *(.rela.gnu.linkonce.r*)

.rel.data
 *(.rel.data)
 *(.rel.data.*)
 *(.rel.gnu.linkonce.d*)

.rela.data
 *(.rela.data)
 *(.rela.data.*)
 *(.rela.gnu.linkonce.d*)

.rel.ctors
 *(.rel.ctors)

.rela.ctors
 *(.rela.ctors)

.rel.dtors
 *(.rel.dtors)

.rela.dtors
 *(.rela.dtors)

.rel.got
 *(.rel.got)

.rela.got
 *(.rela.got)

.rel.bss
 *(.rel.bss)

.rela.bss
 *(.rela.bss)

.rel.plt
 *(.rel.plt)

.rela.plt
 *(.rela.plt)

.text           0x00000000     0x1e26
 *(.vectors)
 .vectors       0x00000000       0x68 C:/Program Files (x86)/Atmel/Studio/7.0/Packs/atmel/ATmega_DFP/1.1.130/gcc/dev/atmega328p/avr5/crtatmega328p.o
                0x00000000                __vector_default
                0x00000000                __vectors
 *(.vectors)
 *(.progmem.gcc*)
                0x00000068                . = ALIGN (0x2)
                0x00000068                __trampolines_start = .
 *(.trampolines)
 .trampolines   0x00000068        0x0 linker stubs
 *(.trampolines*)
                0x00000068                __trampolines_end = .
 *libprintf_flt.a:*(.progmem.data)
 *libc.a:*(.progmem.data)
 *(.progmem*)
                0x00000068                . = ALIGN (0x2)
 *(.jumptables)
 *(.jumptables*)
 *(.lowtext)
 *(.lowtext*)
                0x00000068                __ctors_start = .
 *(.ctors)
                0x00000068                __ctors_end = .
                0x00000068                __dtors_start = .
 *(.dtors)
                0x00000068                __dtors_end = .
 SORT(*)(.ctors)
 SORT(*)(.dtors)
 *(.init0)
 .init0         0x00000068        0x0 C:/Program Files (x86)/Atmel/Studio/7.0/Packs/atmel/ATmega_DFP/1.1.130/gcc/dev/atmega328p/avr5/crtatmega328p.o
                0x00000068                __init
 *(.init0)
 *(.init1)
 *(.init1)
 *(.init2)
 .init2         0x00000068        0xc C:/Program Files (x86)/Atmel/Studio/7.0/Packs/atmel/ATmega_DFP/1.1.130/gcc/dev/atmega328p/avr5/crtatmega328p.o
 *(.init2)
 *(.init3)
 *(.init3)
 *(.init4)
 .init4         0x00000074       0x16 c:/program files (x86)/atmel/studio/7.0/toolchain/avr8/avr8-gnu-toolchain/bin/../lib/gcc/avr/5.4.0/avr5\libgcc.a(_copy_data.o)
                0x00000074                __do_copy_data
 .init4         0x0000008a       0x10 c:/program files (x86)/atmel/studio/7.0/toolchain/avr8/avr8-gnu-toolchain/bin/../lib/gcc/avr/5.4.0/avr5\libgcc.a(_clear_bss.o)
                0x0000008a                __do_clear_bss
 *(.init4)
 *(.init5)
 *(.init5)
 *(.init6)
 *(.init6)
 *(.init7)
 *(.init7)
 *(.init8)
 *(.init8)
 *(.init9)
 .init9         0x0000009a        0x8 C:/Program Files (x86)/Atmel/Studio/7.0/Packs/atmel/ATmega_DFP/1.1.130/gcc/dev/atmega328p/avr5/crtatmega328p.o
 *(.init9)
 *(.text)
 .text          0x000000a2        0x4 C:/Program Files (x86)/Atmel/Studio/7.0/Packs/atmel/ATmega_DFP/1.1.130/gcc/dev/atmega328p/avr5/crtatmega328p.o
                0x000000a2                __vector_22
                0x000000a2                __vector_1
                0x000000a2                __vector_24
                0x000000a2                __vector_12
                0x000000a2                __bad_interrupt
                0x000000a2                __vector_6
                0x000000a2                __vector_3
                0x000000a2                __vector_23
                0x000000a2                __vector_25
                0x000000a2                __vector_11
                0x000000a2                __vector_13
                0x000000a2                __vector_17
                0x000000a2                __vector_19
                0x000000a2                __vector_7
                0x000000a2                __vector_4
                0x000000a2                __vector_9
                0x000000a2                __vector_2
                0x000000a2                __vector_21
                0x000000a2                __vector_15
                0x000000a2                __vector_8
                0x000000a2                __vector_10
                0x000000a2                __vector_16
                0x000000a2                __vector_20
                0x000000a6                . = ALIGN (0x2)
 *(.text.*)
 .text.adcInitialize
                0x000000a6       0x16 ads1231.o
                0x000000a6                adcInitialize
 .text.QR       0x000000bc      0x6b6 least_square.o
                0x000000bc                QR
 .text.backrow  0x00000772      0x166 least_square.o
                0x00000772                backrow
 .text.permutation
                0x000008d8       0xd0 least_square.o
                0x000008d8                permutation
 .text.solveLeastSquare
                0x000009a8      0x260 least_square.o
                0x000009a8                solveLeastSquare
 .text.main     0x00000c08       0x28 main.o
                0x00000c08                main
 .text.loadDisplayUnitType
                0x00000c30       0x1c myeeprom.o
                0x00000c30                loadDisplayUnitType
 .text.loadDisplayForceUnit
                0x00000c4c       0x1c myeeprom.o
                0x00000c4c                loadDisplayForceUnit
 .text.loadSample
                0x00000c68       0x1c myeeprom.o
                0x00000c68                loadSample
 .text.loadSampleValues
                0x00000c84       0xc2 myeeprom.o
                0x00000c84                loadSampleValues
 .text.loadMachineCapacity
                0x00000d46       0x42 myeeprom.o
                0x00000d46                loadMachineCapacity
 .text.loadOverflowProtectionDetails
                0x00000d88       0x4a myeeprom.o
                0x00000d88                loadOverflowProtectionDetails
 .text.loadNumCalibratedPoints
                0x00000dd2       0x1c myeeprom.o
                0x00000dd2                loadNumCalibratedPoints
 .text.loadCalibrationUnit
                0x00000dee       0x1c myeeprom.o
                0x00000dee                loadCalibrationUnit
 .text.loadCalibrationPoint
                0x00000e0a       0x4a myeeprom.o
                0x00000e0a                loadCalibrationPoint
 .text.displaySetValue
                0x00000e54       0x34 nx4832t035.o
                0x00000e54                displaySetValue
 .text.displaySetValueUInt
                0x00000e88       0x4c nx4832t035.o
                0x00000e88                displaySetValueUInt
 .text.__vector_14
                0x00000ed4       0x4a indicator.o
                0x00000ed4                __vector_14
 .text.enableGlobalInterrupt
                0x00000f1e        0x8 indicator.o
                0x00000f1e                enableGlobalInterrupt
 .text.initiliazeTimerTicker
                0x00000f26       0x16 indicator.o
                0x00000f26                initiliazeTimerTicker
 .text.startTimerTicker
                0x00000f3c        0x8 indicator.o
                0x00000f3c                startTimerTicker
 .text.processBLEMessages
                0x00000f44       0x74 indicator.o
                0x00000f44                processBLEMessages
 .text.fitStraighLine
                0x00000fb8      0x19a indicator.o
                0x00000fb8                fitStraighLine
 .text.loadStoredParameters
                0x00001152       0x50 indicator.o
                0x00001152                loadStoredParameters
 .text.calculateOverflowThresholdForce
                0x000011a2       0x40 indicator.o
                0x000011a2                calculateOverflowThresholdForce
 .text.clearFVarPointers
                0x000011e2       0x12 indicator.o
                0x000011e2                clearFVarPointers
 .text.initializeSystem
                0x000011f4       0x54 indicator.o
                0x000011f4                initializeSystem
 .text.initializeBuzzer
                0x00001248        0x4 passive_buzer.o
                0x00001248                initializeBuzzer
 .text.playLowBuzz
                0x0000124c       0x42 passive_buzer.o
                0x0000124c                playLowBuzz
 .text.serialPutChar
                0x0000128e       0x10 serial.o
                0x0000128e                serialPutChar
 .text.serialReadChar
                0x0000129e       0x10 serial.o
                0x0000129e                serialReadChar
 .text.__vector_18
                0x000012ae       0x68 serial.o
                0x000012ae                __vector_18
 .text.serialPrint
                0x00001316       0x1e serial.o
                0x00001316                serialPrint
 .text.initSoftwareUARTSend
                0x00001334       0x1a software_uart.o
                0x00001334                initSoftwareUARTSend
 .text.initSoftwareUARTReceive
                0x0000134e       0x32 software_uart.o
                0x0000134e                initSoftwareUARTReceive
 .text.softwareSendBit
                0x00001380       0x30 software_uart.o
                0x00001380                softwareSendBit
 .text.softwareSendByte
                0x000013b0       0x28 software_uart.o
                0x000013b0                softwareSendByte
 .text.softwareSerialPrint
                0x000013d8       0x2c software_uart.o
                0x000013d8                softwareSerialPrint
 .text.disableBleInterupt
                0x00001404        0xc software_uart_ble.o
                0x00001404                disableBleInterupt
 .text.enableBleInterupt
                0x00001410        0xc software_uart_ble.o
                0x00001410                enableBleInterupt
 .text.__vector_5
                0x0000141c       0xc2 software_uart_ble.o
                0x0000141c                __vector_5
 .text.initBleUARTSend
                0x000014de       0x1a software_uart_ble.o
                0x000014de                initBleUARTSend
 .text.initBleUARTReceive
                0x000014f8       0x32 software_uart_ble.o
                0x000014f8                initBleUARTReceive
 .text.bleSendBit
                0x0000152a       0x3e software_uart_ble.o
                0x0000152a                bleSendBit
 .text.bleSendByte
                0x00001568       0x28 software_uart_ble.o
                0x00001568                bleSendByte
 .text.bleSerialPrint
                0x00001590       0x2c software_uart_ble.o
                0x00001590                bleSerialPrint
 .text.blePrintBuffer
                0x000015bc       0x36 software_uart_ble.o
                0x000015bc                blePrintBuffer
 .text.bleBufferRead
                0x000015f2       0xea software_uart_ble.o
                0x000015f2                bleBufferRead
 .text.serialBleFind
                0x000016dc       0xa2 software_uart_ble.o
                0x000016dc                serialBleFind
 .text.bleBufferReadUntil
                0x0000177e       0x24 software_uart_ble.o
                0x0000177e                bleBufferReadUntil
 .text.relayTurnOn
                0x000017a2        0x4 ssr.o
                0x000017a2                relayTurnOn
 .text.relayTurnOff
                0x000017a6        0x4 ssr.o
                0x000017a6                relayTurnOff
 .text.relayOnOff
                0x000017aa       0x10 ssr.o
                0x000017aa                relayOnOff
 .text.initializeRelay
                0x000017ba        0x8 ssr.o
                0x000017ba                initializeRelay
 .text.avr-libc.fplib
                0x000017c2        0xe c:/program files (x86)/atmel/studio/7.0/toolchain/avr8/avr8-gnu-toolchain/bin/../lib/gcc/avr/5.4.0/../../../../avr/lib/avr5\libm.a(addsf3.o)
                0x000017c2                __subsf3
                0x000017c4                __addsf3
 .text.avr-libc.fplib
                0x000017d0       0xcc c:/program files (x86)/atmel/studio/7.0/toolchain/avr8/avr8-gnu-toolchain/bin/../lib/gcc/avr/5.4.0/../../../../avr/lib/avr5\libm.a(addsf3x.o)
                0x000017f2                __addsf3x
 .text.avr-libc.fplib
                0x0000189c        0xa c:/program files (x86)/atmel/studio/7.0/toolchain/avr8/avr8-gnu-toolchain/bin/../lib/gcc/avr/5.4.0/../../../../avr/lib/avr5\libm.a(cmpsf2.o)
                0x0000189c                __nesf2
                0x0000189c                __eqsf2
                0x0000189c                __cmpsf2
                0x0000189c                __ltsf2
                0x0000189c                __lesf2
 .text.avr-libc.fplib
                0x000018a6        0x8 c:/program files (x86)/atmel/studio/7.0/toolchain/avr8/avr8-gnu-toolchain/bin/../lib/gcc/avr/5.4.0/../../../../avr/lib/avr5\libm.a(divsf3.o)
                0x000018a6                __divsf3
 .text.avr-libc.fplib
                0x000018ae       0xdc c:/program files (x86)/atmel/studio/7.0/toolchain/avr8/avr8-gnu-toolchain/bin/../lib/gcc/avr/5.4.0/../../../../avr/lib/avr5\libm.a(divsf3x.o)
                0x000018ce                __divsf3x
                0x000018d4                __divsf3_pse
 .text.avr-libc.fplib
                0x0000198a       0x5e c:/program files (x86)/atmel/studio/7.0/toolchain/avr8/avr8-gnu-toolchain/bin/../lib/gcc/avr/5.4.0/../../../../avr/lib/avr5\libm.a(fixunssfsi.o)
                0x0000198a                __fixunssfsi
 .text.avr-libc.fplib
                0x000019e8       0x7a c:/program files (x86)/atmel/studio/7.0/toolchain/avr8/avr8-gnu-toolchain/bin/../lib/gcc/avr/5.4.0/../../../../avr/lib/avr5\libm.a(floatsisf.o)
                0x000019e8                __floatunsisf
                0x000019ec                __floatsisf
 .text.avr-libc.fplib
                0x00001a62       0x48 c:/program files (x86)/atmel/studio/7.0/toolchain/avr8/avr8-gnu-toolchain/bin/../lib/gcc/avr/5.4.0/../../../../avr/lib/avr5\libm.a(fp_cmp.o)
                0x00001a62                __fp_cmp
 .text.avr-libc.fplib
                0x00001aaa        0xc c:/program files (x86)/atmel/studio/7.0/toolchain/avr8/avr8-gnu-toolchain/bin/../lib/gcc/avr/5.4.0/../../../../avr/lib/avr5\libm.a(fp_inf.o)
                0x00001aaa                __fp_inf
 .text.avr-libc.fplib
                0x00001ab6        0x6 c:/program files (x86)/atmel/studio/7.0/toolchain/avr8/avr8-gnu-toolchain/bin/../lib/gcc/avr/5.4.0/../../../../avr/lib/avr5\libm.a(fp_nan.o)
                0x00001ab6                __fp_nan
 .text.avr-libc.fplib
                0x00001abc        0xe c:/program files (x86)/atmel/studio/7.0/toolchain/avr8/avr8-gnu-toolchain/bin/../lib/gcc/avr/5.4.0/../../../../avr/lib/avr5\libm.a(fp_pscA.o)
                0x00001abc                __fp_pscA
 .text.avr-libc.fplib
                0x00001aca        0xe c:/program files (x86)/atmel/studio/7.0/toolchain/avr8/avr8-gnu-toolchain/bin/../lib/gcc/avr/5.4.0/../../../../avr/lib/avr5\libm.a(fp_pscB.o)
                0x00001aca                __fp_pscB
 .text.avr-libc.fplib
                0x00001ad8       0x22 c:/program files (x86)/atmel/studio/7.0/toolchain/avr8/avr8-gnu-toolchain/bin/../lib/gcc/avr/5.4.0/../../../../avr/lib/avr5\libm.a(fp_round.o)
                0x00001ad8                __fp_round
 .text.avr-libc.fplib
                0x00001afa       0x44 c:/program files (x86)/atmel/studio/7.0/toolchain/avr8/avr8-gnu-toolchain/bin/../lib/gcc/avr/5.4.0/../../../../avr/lib/avr5\libm.a(fp_split3.o)
                0x00001afa                __fp_split3
                0x00001b0a                __fp_splitA
 .text.avr-libc.fplib
                0x00001b3e        0xe c:/program files (x86)/atmel/studio/7.0/toolchain/avr8/avr8-gnu-toolchain/bin/../lib/gcc/avr/5.4.0/../../../../avr/lib/avr5\libm.a(fp_zero.o)
                0x00001b3e                __fp_zero
                0x00001b40                __fp_szero
 .text.avr-libc.fplib
                0x00001b4c        0xa c:/program files (x86)/atmel/studio/7.0/toolchain/avr8/avr8-gnu-toolchain/bin/../lib/gcc/avr/5.4.0/../../../../avr/lib/avr5\libm.a(gesf2.o)
                0x00001b4c                __gesf2
                0x00001b4c                __gtsf2
 .text.avr-libc.fplib
                0x00001b56        0x8 c:/program files (x86)/atmel/studio/7.0/toolchain/avr8/avr8-gnu-toolchain/bin/../lib/gcc/avr/5.4.0/../../../../avr/lib/avr5\libm.a(mulsf3.o)
                0x00001b56                __mulsf3
 .text.avr-libc.fplib
                0x00001b5e       0xd2 c:/program files (x86)/atmel/studio/7.0/toolchain/avr8/avr8-gnu-toolchain/bin/../lib/gcc/avr/5.4.0/../../../../avr/lib/avr5\libm.a(mulsf3x.o)
                0x00001b7c                __mulsf3x
                0x00001b82                __mulsf3_pse
 .text.avr-libc.fplib
                0x00001c30       0x8c c:/program files (x86)/atmel/studio/7.0/toolchain/avr8/avr8-gnu-toolchain/bin/../lib/gcc/avr/5.4.0/../../../../avr/lib/avr5\libm.a(sqrt.o)
                0x00001c3c                sqrtf
                0x00001c3c                sqrt
 .text.avr-libc.fplib
                0x00001cbc        0xa c:/program files (x86)/atmel/studio/7.0/toolchain/avr8/avr8-gnu-toolchain/bin/../lib/gcc/avr/5.4.0/../../../../avr/lib/avr5\libm.a(unordsf2.o)
                0x00001cbc                __unordsf2
 .text.avr-libc.fplib
                0x00001cc6       0x1c c:/program files (x86)/atmel/studio/7.0/toolchain/avr8/avr8-gnu-toolchain/bin/../lib/gcc/avr/5.4.0/../../../../avr/lib/avr5\libm.a(fp_mpack.o)
                0x00001cc6                __fp_mpack
                0x00001cca                __fp_mpack_finite
 .text.avr-libc.fplib
                0x00001ce2        0xe c:/program files (x86)/atmel/studio/7.0/toolchain/avr8/avr8-gnu-toolchain/bin/../lib/gcc/avr/5.4.0/../../../../avr/lib/avr5\libm.a(fp_norm2.o)
                0x00001ce2                __fp_norm2
 .text.libgcc.div
                0x00001cf0       0x28 c:/program files (x86)/atmel/studio/7.0/toolchain/avr8/avr8-gnu-toolchain/bin/../lib/gcc/avr/5.4.0/avr5\libgcc.a(_divmodhi4.o)
                0x00001cf0                _div
                0x00001cf0                __divmodhi4
 .text.libgcc.mul
                0x00001d18       0x1e c:/program files (x86)/atmel/studio/7.0/toolchain/avr8/avr8-gnu-toolchain/bin/../lib/gcc/avr/5.4.0/avr5\libgcc.a(_umulhisi3.o)
                0x00001d18                __umulhisi3
 .text.libgcc.div
                0x00001d36       0x28 c:/program files (x86)/atmel/studio/7.0/toolchain/avr8/avr8-gnu-toolchain/bin/../lib/gcc/avr/5.4.0/avr5\libgcc.a(_udivmodhi4.o)
                0x00001d36                __udivmodhi4
 .text.avr-libc
                0x00001d5e       0x34 c:/program files (x86)/atmel/studio/7.0/toolchain/avr8/avr8-gnu-toolchain/bin/../lib/gcc/avr/5.4.0/../../../../avr/lib/avr5\libc.a(strstr.o)
                0x00001d5e                strstr
 .text.avr-libc
                0x00001d92       0x34 c:/program files (x86)/atmel/studio/7.0/toolchain/avr8/avr8-gnu-toolchain/bin/../lib/gcc/avr/5.4.0/../../../../avr/lib/avr5\libc.a(utoa_ncheck.o)
                0x00001d92                __utoa_ncheck
                0x00001d94                __utoa_common
 .text.avr-libc
                0x00001dc6       0x20 c:/program files (x86)/atmel/studio/7.0/toolchain/avr8/avr8-gnu-toolchain/bin/../lib/gcc/avr/5.4.0/../../../../avr/lib/avr5\libc.a(strrev.o)
                0x00001dc6                strrev
 .text.avr-libc
                0x00001de6       0x10 C:/Program Files (x86)/Atmel/Studio/7.0/Packs/atmel/ATmega_DFP/1.1.130/gcc/dev/atmega328p/avr5\libatmega328p.a(eerd_byte.o)
                0x00001de6                eeprom_read_byte
 .text.avr-libc
                0x00001df6        0xc C:/Program Files (x86)/Atmel/Studio/7.0/Packs/atmel/ATmega_DFP/1.1.130/gcc/dev/atmega328p/avr5\libatmega328p.a(eerd_dword.o)
                0x00001df6                eeprom_read_float
                0x00001df6                eeprom_read_dword
 .text.avr-libc
                0x00001e02       0x20 C:/Program Files (x86)/Atmel/Studio/7.0/Packs/atmel/ATmega_DFP/1.1.130/gcc/dev/atmega328p/avr5\libatmega328p.a(eerd_block.o)
                0x00001e02                eeprom_read_block
                0x00001e06                eeprom_read_blraw
                0x00001e22                . = ALIGN (0x2)
 *(.fini9)
 .fini9         0x00001e22        0x0 c:/program files (x86)/atmel/studio/7.0/toolchain/avr8/avr8-gnu-toolchain/bin/../lib/gcc/avr/5.4.0/avr5\libgcc.a(_exit.o)
                0x00001e22                _exit
                0x00001e22                exit
 *(.fini9)
 *(.fini8)
 *(.fini8)
 *(.fini7)
 *(.fini7)
 *(.fini6)
 *(.fini6)
 *(.fini5)
 *(.fini5)
 *(.fini4)
 *(.fini4)
 *(.fini3)
 *(.fini3)
 *(.fini2)
 *(.fini2)
 *(.fini1)
 *(.fini1)
 *(.fini0)
 .fini0         0x00001e22        0x4 c:/program files (x86)/atmel/studio/7.0/toolchain/avr8/avr8-gnu-toolchain/bin/../lib/gcc/avr/5.4.0/avr5\libgcc.a(_exit.o)
 *(.fini0)
                0x00001e26                _etext = .

.data           0x00800100      0x110 load address 0x00001e26
                0x00800100                PROVIDE (__data_start, .)
 *(.data)
 *(.data*)
 .data.overflowThresholdForce
                0x00800100        0x4 indicator.o
                0x00800100                overflowThresholdForce
 .data.overflowProtectionThreshold
                0x00800104        0x1 indicator.o
                0x00800104                overflowProtectionThreshold
 .data.machineCapacity
                0x00800105        0x4 indicator.o
                0x00800105                machineCapacity
 .data.sampleArea
                0x00800109        0x4 indicator.o
                0x00800109                sampleArea
 .data.fittedStraightLineCoef
                0x0080010d        0x8 indicator.o
                0x0080010d                fittedStraightLineCoef
 *(.gnu.linkonce.d*)
 *(.rodata)
 *(.rodata*)
 .rodata.str1.1
                0x00800115        0x0 main.o
                                  0x2 (size before relaxing)
 .rodata.VAL    0x00800115        0x6 nx4832t035.o
                0x00800115                VAL
 .rodata.END    0x0080011b        0x4 nx4832t035.o
                0x0080011b                END
 .rodata.str1.1
                0x0080011f       0xe9 indicator.o
                                 0xec (size before relaxing)
 .rodata.READY  0x00800208        0x7 indicator.o
                0x00800208                READY
 *(.gnu.linkonce.r*)
                0x00800210                . = ALIGN (0x2)
 *fill*         0x0080020f        0x1 
                0x00800210                _edata = .
                0x00800210                PROVIDE (__data_end, .)

.bss            0x00800210       0xd2
                0x00800210                PROVIDE (__bss_start, .)
 *(.bss)
 *(.bss*)
 .bss.timerTick
                0x00800210        0x4 indicator.o
                0x00800210                timerTick
 .bss.overflowProtectionEnabled
                0x00800214        0x1 indicator.o
                0x00800214                overflowProtectionEnabled
 .bss.overflowProtectionMode
                0x00800215        0x1 indicator.o
                0x00800215                overflowProtectionMode
 .bss.sampleValues
                0x00800216        0xc indicator.o
                0x00800216                sampleValues
 .bss.sample    0x00800222        0x1 indicator.o
                0x00800222                sample
 .bss.calibrationUnit
                0x00800223        0x1 indicator.o
                0x00800223                calibrationUnit
 .bss.calibratedPoints
                0x00800224        0x1 indicator.o
                0x00800224                calibratedPoints
 .bss.displayForceUnit
                0x00800225        0x1 indicator.o
                0x00800225                displayForceUnit
 .bss.displayUnitType
                0x00800226        0x1 indicator.o
                0x00800226                displayUnitType
 .bss.inBufferEndIndex
                0x00800227        0x1 serial.o
                0x00800227                inBufferEndIndex
 .bss.bleInBufferEndIndex
                0x00800228        0x1 software_uart_ble.o
                0x00800228                bleInBufferEndIndex
 .bss.bleInBufferStartIndex
                0x00800229        0x1 software_uart_ble.o
                0x00800229                bleInBufferStartIndex
 *(COMMON)
 COMMON         0x0080022a       0x88 indicator.o
                0x0080022a                fVarCallbackPtr
                0x0080022c                sortedCalibrationPoints
                0x00800236                testSpeedCalculationArray
                0x00800254                calibrationPoints
                0x008002a4                tempTime
                0x008002b0                fVarPtr
 COMMON         0x008002b2       0x18 serial.o
                0x008002b2                inputBuffer
 COMMON         0x008002ca       0x18 software_uart_ble.o
                0x008002ca                bleBuffer
                0x008002e2                PROVIDE (__bss_end, .)
                0x00001e26                __data_load_start = LOADADDR (.data)
                0x00001f36                __data_load_end = (__data_load_start + SIZEOF (.data))

.noinit         0x008002e2        0x0
                [!provide]                PROVIDE (__noinit_start, .)
 *(.noinit*)
                [!provide]                PROVIDE (__noinit_end, .)
                0x008002e2                _end = .
                [!provide]                PROVIDE (__heap_start, .)

.eeprom         0x00810000        0x0
 *(.eeprom*)
                0x00810000                __eeprom_end = .

.fuse
 *(.fuse)
 *(.lfuse)
 *(.hfuse)
 *(.efuse)

.lock
 *(.lock*)

.signature
 *(.signature*)

.user_signatures
 *(.user_signatures*)

.stab
 *(.stab)

.stabstr
 *(.stabstr)

.stab.excl
 *(.stab.excl)

.stab.exclstr
 *(.stab.exclstr)

.stab.index
 *(.stab.index)

.stab.indexstr
 *(.stab.indexstr)

.comment        0x00000000       0x30
 *(.comment)
 .comment       0x00000000       0x30 ads1231.o
                                 0x31 (size before relaxing)
 .comment       0x00000030       0x31 least_square.o
 .comment       0x00000030       0x31 main.o
 .comment       0x00000030       0x31 myeeprom.o
 .comment       0x00000030       0x31 nx4832t035.o
 .comment       0x00000030       0x31 indicator.o
 .comment       0x00000030       0x31 passive_buzer.o
 .comment       0x00000030       0x31 serial.o
 .comment       0x00000030       0x31 software_uart.o
 .comment       0x00000030       0x31 software_uart_ble.o
 .comment       0x00000030       0x31 ssr.o

.note.gnu.avr.deviceinfo
                0x00000000       0x40
 .note.gnu.avr.deviceinfo
                0x00000000       0x40 C:/Program Files (x86)/Atmel/Studio/7.0/Packs/atmel/ATmega_DFP/1.1.130/gcc/dev/atmega328p/avr5/crtatmega328p.o

.note.gnu.build-id
 *(.note.gnu.build-id)

.debug
 *(.debug)

.line
 *(.line)

.debug_srcinfo
 *(.debug_srcinfo)

.debug_sfnames
 *(.debug_sfnames)

.debug_aranges  0x00000000      0x680
 *(.debug_aranges)
 .debug_aranges
                0x00000000       0x28 ads1231.o
 .debug_aranges
                0x00000028       0x60 least_square.o
 .debug_aranges
                0x00000088       0x20 main.o
 .debug_aranges
                0x000000a8       0xb0 myeeprom.o
 .debug_aranges
                0x00000158       0x98 nx4832t035.o
 .debug_aranges
                0x000001f0      0x238 indicator.o
 .debug_aranges
                0x00000428       0x30 passive_buzer.o
 .debug_aranges
                0x00000458       0x78 serial.o
 .debug_aranges
                0x000004d0       0x68 software_uart.o
 .debug_aranges
                0x00000538       0xb0 software_uart_ble.o
 .debug_aranges
                0x000005e8       0x38 ssr.o
 .debug_aranges
                0x00000620       0x20 C:/Program Files (x86)/Atmel/Studio/7.0/Packs/atmel/ATmega_DFP/1.1.130/gcc/dev/atmega328p/avr5\libatmega328p.a(eerd_byte.o)
 .debug_aranges
                0x00000640       0x20 C:/Program Files (x86)/Atmel/Studio/7.0/Packs/atmel/ATmega_DFP/1.1.130/gcc/dev/atmega328p/avr5\libatmega328p.a(eerd_dword.o)
 .debug_aranges
                0x00000660       0x20 C:/Program Files (x86)/Atmel/Studio/7.0/Packs/atmel/ATmega_DFP/1.1.130/gcc/dev/atmega328p/avr5\libatmega328p.a(eerd_block.o)

.debug_pubnames
 *(.debug_pubnames)

.debug_info     0x00000000     0x87ee
 *(.debug_info .gnu.linkonce.wi.*)
 .debug_info    0x00000000      0x5f4 C:/Program Files (x86)/Atmel/Studio/7.0/Packs/atmel/ATmega_DFP/1.1.130/gcc/dev/atmega328p/avr5/crtatmega328p.o
 .debug_info    0x000005f4      0x21b ads1231.o
 .debug_info    0x0000080f      0x821 least_square.o
 .debug_info    0x00001030      0x176 main.o
 .debug_info    0x000011a6      0x763 myeeprom.o
 .debug_info    0x00001909     0x14a6 nx4832t035.o
 .debug_info    0x00002daf     0x3ec7 indicator.o
 .debug_info    0x00006c76      0x233 passive_buzer.o
 .debug_info    0x00006ea9      0x47a serial.o
 .debug_info    0x00007323      0x7a1 software_uart.o
 .debug_info    0x00007ac4      0xa1a software_uart_ble.o
 .debug_info    0x000084de      0x10a ssr.o
 .debug_info    0x000085e8       0xac C:/Program Files (x86)/Atmel/Studio/7.0/Packs/atmel/ATmega_DFP/1.1.130/gcc/dev/atmega328p/avr5\libatmega328p.a(eerd_byte.o)
 .debug_info    0x00008694       0xad C:/Program Files (x86)/Atmel/Studio/7.0/Packs/atmel/ATmega_DFP/1.1.130/gcc/dev/atmega328p/avr5\libatmega328p.a(eerd_dword.o)
 .debug_info    0x00008741       0xad C:/Program Files (x86)/Atmel/Studio/7.0/Packs/atmel/ATmega_DFP/1.1.130/gcc/dev/atmega328p/avr5\libatmega328p.a(eerd_block.o)

.debug_abbrev   0x00000000     0x1a35
 *(.debug_abbrev)
 .debug_abbrev  0x00000000      0x5a2 C:/Program Files (x86)/Atmel/Studio/7.0/Packs/atmel/ATmega_DFP/1.1.130/gcc/dev/atmega328p/avr5/crtatmega328p.o
 .debug_abbrev  0x000005a2      0x11c ads1231.o
 .debug_abbrev  0x000006be      0x186 least_square.o
 .debug_abbrev  0x00000844       0xfd main.o
 .debug_abbrev  0x00000941      0x1bd myeeprom.o
 .debug_abbrev  0x00000afe      0x237 nx4832t035.o
 .debug_abbrev  0x00000d35      0x4ce indicator.o
 .debug_abbrev  0x00001203      0x116 passive_buzer.o
 .debug_abbrev  0x00001319      0x1a6 serial.o
 .debug_abbrev  0x000014bf      0x1f5 software_uart.o
 .debug_abbrev  0x000016b4      0x293 software_uart_ble.o
 .debug_abbrev  0x00001947       0xb2 ssr.o
 .debug_abbrev  0x000019f9       0x14 C:/Program Files (x86)/Atmel/Studio/7.0/Packs/atmel/ATmega_DFP/1.1.130/gcc/dev/atmega328p/avr5\libatmega328p.a(eerd_byte.o)
 .debug_abbrev  0x00001a0d       0x14 C:/Program Files (x86)/Atmel/Studio/7.0/Packs/atmel/ATmega_DFP/1.1.130/gcc/dev/atmega328p/avr5\libatmega328p.a(eerd_dword.o)
 .debug_abbrev  0x00001a21       0x14 C:/Program Files (x86)/Atmel/Studio/7.0/Packs/atmel/ATmega_DFP/1.1.130/gcc/dev/atmega328p/avr5\libatmega328p.a(eerd_block.o)

.debug_line     0x00000000     0x365f
 *(.debug_line .debug_line.* .debug_line_end)
 .debug_line    0x00000000      0x133 C:/Program Files (x86)/Atmel/Studio/7.0/Packs/atmel/ATmega_DFP/1.1.130/gcc/dev/atmega328p/avr5/crtatmega328p.o
 .debug_line    0x00000133      0x1ce ads1231.o
 .debug_line    0x00000301      0x569 least_square.o
 .debug_line    0x0000086a      0x158 main.o
 .debug_line    0x000009c2      0x44d myeeprom.o
 .debug_line    0x00000e0f      0x443 nx4832t035.o
 .debug_line    0x00001252     0x14c0 indicator.o
 .debug_line    0x00002712      0x1a8 passive_buzer.o
 .debug_line    0x000028ba      0x338 serial.o
 .debug_line    0x00002bf2      0x2c4 software_uart.o
 .debug_line    0x00002eb6      0x528 software_uart_ble.o
 .debug_line    0x000033de       0xf4 ssr.o
 .debug_line    0x000034d2       0x7a C:/Program Files (x86)/Atmel/Studio/7.0/Packs/atmel/ATmega_DFP/1.1.130/gcc/dev/atmega328p/avr5\libatmega328p.a(eerd_byte.o)
 .debug_line    0x0000354c       0x68 C:/Program Files (x86)/Atmel/Studio/7.0/Packs/atmel/ATmega_DFP/1.1.130/gcc/dev/atmega328p/avr5\libatmega328p.a(eerd_dword.o)
 .debug_line    0x000035b4       0xab C:/Program Files (x86)/Atmel/Studio/7.0/Packs/atmel/ATmega_DFP/1.1.130/gcc/dev/atmega328p/avr5\libatmega328p.a(eerd_block.o)

.debug_frame    0x00000000     0x1590
 *(.debug_frame)
 .debug_frame   0x00000000       0x34 ads1231.o
 .debug_frame   0x00000034      0x2c0 least_square.o
 .debug_frame   0x000002f4       0x24 main.o
 .debug_frame   0x00000318      0x1c0 myeeprom.o
 .debug_frame   0x000004d8      0x1f8 nx4832t035.o
 .debug_frame   0x000006d0      0x948 indicator.o
 .debug_frame   0x00001018       0x44 passive_buzer.o
 .debug_frame   0x0000105c      0x178 serial.o
 .debug_frame   0x000011d4      0x11c software_uart.o
 .debug_frame   0x000012f0      0x24c software_uart_ble.o
 .debug_frame   0x0000153c       0x54 ssr.o

.debug_str      0x00000000     0x1edd
 *(.debug_str)
 .debug_str     0x00000000      0x208 C:/Program Files (x86)/Atmel/Studio/7.0/Packs/atmel/ATmega_DFP/1.1.130/gcc/dev/atmega328p/avr5/crtatmega328p.o
 .debug_str     0x00000208      0x1af ads1231.o
                                0x1e9 (size before relaxing)
 .debug_str     0x000003b7      0x102 least_square.o
                                0x263 (size before relaxing)
 .debug_str     0x000004b9       0x62 main.o
                                0x1ff (size before relaxing)
 .debug_str     0x0000051b      0x36d myeeprom.o
                                0x4f9 (size before relaxing)
 .debug_str     0x00000888      0x613 nx4832t035.o
                                0x80b (size before relaxing)
 .debug_str     0x00000e9b      0xd3d indicator.o
                               0x1740 (size before relaxing)
 .debug_str     0x00001bd8       0x2a passive_buzer.o
                                0x208 (size before relaxing)
 .debug_str     0x00001c02       0xe9 serial.o
                                0x320 (size before relaxing)
 .debug_str     0x00001ceb       0xa8 software_uart.o
                                0x355 (size before relaxing)
 .debug_str     0x00001d93      0x120 software_uart_ble.o
                                0x3fc (size before relaxing)
 .debug_str     0x00001eb3       0x2a ssr.o
                                0x1a8 (size before relaxing)

.debug_loc      0x00000000     0x632b
 *(.debug_loc)
 .debug_loc     0x00000000      0x149 ads1231.o
 .debug_loc     0x00000149     0x14a6 least_square.o
 .debug_loc     0x000015ef      0x36a myeeprom.o
 .debug_loc     0x00001959      0xc55 nx4832t035.o
 .debug_loc     0x000025ae     0x2828 indicator.o
 .debug_loc     0x00004dd6      0x174 passive_buzer.o
 .debug_loc     0x00004f4a      0x56b serial.o
 .debug_loc     0x000054b5      0x4a2 software_uart.o
 .debug_loc     0x00005957      0x979 software_uart_ble.o
 .debug_loc     0x000062d0       0x5b ssr.o

.debug_macinfo
 *(.debug_macinfo)

.debug_weaknames
 *(.debug_weaknames)

.debug_funcnames
 *(.debug_funcnames)

.debug_typenames
 *(.debug_typenames)

.debug_varnames
 *(.debug_varnames)

.debug_pubtypes
 *(.debug_pubtypes)

.debug_ranges   0x00000000      0x570
 *(.debug_ranges)
 .debug_ranges  0x00000000       0x18 ads1231.o
 .debug_ranges  0x00000018       0x50 least_square.o
 .debug_ranges  0x00000068       0x10 main.o
 .debug_ranges  0x00000078       0xa0 myeeprom.o
 .debug_ranges  0x00000118       0x88 nx4832t035.o
 .debug_ranges  0x000001a0      0x228 indicator.o
 .debug_ranges  0x000003c8       0x20 passive_buzer.o
 .debug_ranges  0x000003e8       0x68 serial.o
 .debug_ranges  0x00000450       0x58 software_uart.o
 .debug_ranges  0x000004a8       0xa0 software_uart_ble.o
 .debug_ranges  0x00000548       0x28 ssr.o

.debug_macro
 *(.debug_macro)
OUTPUT(Solution.elf elf32-avr)
LOAD linker stubs
